Archive member included because of file (symbol)

c:/altera/13.0sp1/nios2eds/bin/gnu/h-i686-mingw32/bin/../lib/gcc/nios2-elf/4.1.2/../../../../nios2-elf/lib\libc.a(lib_a-printf.o)
                              obj/default/hello_ucosii.o (printf)
c:/altera/13.0sp1/nios2eds/bin/gnu/h-i686-mingw32/bin/../lib/gcc/nios2-elf/4.1.2/../../../../nios2-elf/lib\libc.a(lib_a-puts.o)
                              obj/default/hello_ucosii.o (puts)
c:/altera/13.0sp1/nios2eds/bin/gnu/h-i686-mingw32/bin/../lib/gcc/nios2-elf/4.1.2/../../../../nios2-elf/lib\libc.a(lib_a-sprintf.o)
                              obj/default/hello_ucosii.o (sprintf)
c:/altera/13.0sp1/nios2eds/bin/gnu/h-i686-mingw32/bin/../lib/gcc/nios2-elf/4.1.2/../../../../nios2-elf/lib\libc.a(lib_a-strlen.o)
                              c:/altera/13.0sp1/nios2eds/bin/gnu/h-i686-mingw32/bin/../lib/gcc/nios2-elf/4.1.2/../../../../nios2-elf/lib\libc.a(lib_a-puts.o) (strlen)
c:/altera/13.0sp1/nios2eds/bin/gnu/h-i686-mingw32/bin/../lib/gcc/nios2-elf/4.1.2/../../../../nios2-elf/lib\libc.a(lib_a-vfprintf.o)
                              c:/altera/13.0sp1/nios2eds/bin/gnu/h-i686-mingw32/bin/../lib/gcc/nios2-elf/4.1.2/../../../../nios2-elf/lib\libc.a(lib_a-printf.o) (___vfprintf_internal_r)
c:/altera/13.0sp1/nios2eds/bin/gnu/h-i686-mingw32/bin/../lib/gcc/nios2-elf/4.1.2/../../../../nios2-elf/lib\libc.a(lib_a-wsetup.o)
                              c:/altera/13.0sp1/nios2eds/bin/gnu/h-i686-mingw32/bin/../lib/gcc/nios2-elf/4.1.2/../../../../nios2-elf/lib\libc.a(lib_a-vfprintf.o) (__swsetup_r)
c:/altera/13.0sp1/nios2eds/bin/gnu/h-i686-mingw32/bin/../lib/gcc/nios2-elf/4.1.2/../../../../nios2-elf/lib\libc.a(lib_a-dtoa.o)
                              c:/altera/13.0sp1/nios2eds/bin/gnu/h-i686-mingw32/bin/../lib/gcc/nios2-elf/4.1.2/../../../../nios2-elf/lib\libc.a(lib_a-vfprintf.o) (_dtoa_r)
c:/altera/13.0sp1/nios2eds/bin/gnu/h-i686-mingw32/bin/../lib/gcc/nios2-elf/4.1.2/../../../../nios2-elf/lib\libc.a(lib_a-fflush.o)
                              c:/altera/13.0sp1/nios2eds/bin/gnu/h-i686-mingw32/bin/../lib/gcc/nios2-elf/4.1.2/../../../../nios2-elf/lib\libc.a(lib_a-vfprintf.o) (_fflush_r)
c:/altera/13.0sp1/nios2eds/bin/gnu/h-i686-mingw32/bin/../lib/gcc/nios2-elf/4.1.2/../../../../nios2-elf/lib\libc.a(lib_a-findfp.o)
                              c:/altera/13.0sp1/nios2eds/bin/gnu/h-i686-mingw32/bin/../lib/gcc/nios2-elf/4.1.2/../../../../nios2-elf/lib\libc.a(lib_a-vfprintf.o) (__sinit)
c:/altera/13.0sp1/nios2eds/bin/gnu/h-i686-mingw32/bin/../lib/gcc/nios2-elf/4.1.2/../../../../nios2-elf/lib\libc.a(lib_a-freer.o)
                              c:/altera/13.0sp1/nios2eds/bin/gnu/h-i686-mingw32/bin/../lib/gcc/nios2-elf/4.1.2/../../../../nios2-elf/lib\libc.a(lib_a-wsetup.o) (_free_r)
c:/altera/13.0sp1/nios2eds/bin/gnu/h-i686-mingw32/bin/../lib/gcc/nios2-elf/4.1.2/../../../../nios2-elf/lib\libc.a(lib_a-fvwrite.o)
                              c:/altera/13.0sp1/nios2eds/bin/gnu/h-i686-mingw32/bin/../lib/gcc/nios2-elf/4.1.2/../../../../nios2-elf/lib\libc.a(lib_a-puts.o) (__sfvwrite_r)
c:/altera/13.0sp1/nios2eds/bin/gnu/h-i686-mingw32/bin/../lib/gcc/nios2-elf/4.1.2/../../../../nios2-elf/lib\libc.a(lib_a-fwalk.o)
                              c:/altera/13.0sp1/nios2eds/bin/gnu/h-i686-mingw32/bin/../lib/gcc/nios2-elf/4.1.2/../../../../nios2-elf/lib\libc.a(lib_a-fflush.o) (_fwalk_reent)
c:/altera/13.0sp1/nios2eds/bin/gnu/h-i686-mingw32/bin/../lib/gcc/nios2-elf/4.1.2/../../../../nios2-elf/lib\libc.a(lib_a-impure.o)
                              c:/altera/13.0sp1/nios2eds/bin/gnu/h-i686-mingw32/bin/../lib/gcc/nios2-elf/4.1.2/../../../../nios2-elf/lib\libc.a(lib_a-printf.o) (_impure_ptr)
c:/altera/13.0sp1/nios2eds/bin/gnu/h-i686-mingw32/bin/../lib/gcc/nios2-elf/4.1.2/../../../../nios2-elf/lib\libc.a(lib_a-locale.o)
                              c:/altera/13.0sp1/nios2eds/bin/gnu/h-i686-mingw32/bin/../lib/gcc/nios2-elf/4.1.2/../../../../nios2-elf/lib\libc.a(lib_a-vfprintf.o) (_localeconv_r)
c:/altera/13.0sp1/nios2eds/bin/gnu/h-i686-mingw32/bin/../lib/gcc/nios2-elf/4.1.2/../../../../nios2-elf/lib\libc.a(lib_a-makebuf.o)
                              c:/altera/13.0sp1/nios2eds/bin/gnu/h-i686-mingw32/bin/../lib/gcc/nios2-elf/4.1.2/../../../../nios2-elf/lib\libc.a(lib_a-wsetup.o) (__smakebuf_r)
c:/altera/13.0sp1/nios2eds/bin/gnu/h-i686-mingw32/bin/../lib/gcc/nios2-elf/4.1.2/../../../../nios2-elf/lib\libc.a(lib_a-mallocr.o)
                              c:/altera/13.0sp1/nios2eds/bin/gnu/h-i686-mingw32/bin/../lib/gcc/nios2-elf/4.1.2/../../../../nios2-elf/lib\libc.a(lib_a-findfp.o) (_malloc_r)
c:/altera/13.0sp1/nios2eds/bin/gnu/h-i686-mingw32/bin/../lib/gcc/nios2-elf/4.1.2/../../../../nios2-elf/lib\libc.a(lib_a-memchr.o)
                              c:/altera/13.0sp1/nios2eds/bin/gnu/h-i686-mingw32/bin/../lib/gcc/nios2-elf/4.1.2/../../../../nios2-elf/lib\libc.a(lib_a-vfprintf.o) (memchr)
[...]
Memory Configuration

Name             Origin             Length             Attributes
reset            0x00000000         0x00000020
sdram            0x00000020         0x07ffffe0
onchip_memory    0x08200000         0x00008000
flash_controller 0x08800000         0x00800000
*default*        0x00000000         0xffffffff

Linker script and memory map

LOAD ../Ascensor_bsp//obj/HAL/src/crt0.o
LOAD obj/default/hello_ucosii.o
LOAD c:/altera/13.0sp1/nios2eds/bin/gnu/h-i686-mingw32/bin/../lib/gcc/nios2-elf/4.1.2/../../../../nios2-elf/lib\libstdc++.a
LOAD c:/altera/13.0sp1/nios2eds/bin/gnu/h-i686-mingw32/bin/../lib/gcc/nios2-elf/4.1.2/../../../../nios2-elf/lib\libm.a
LOAD c:/altera/13.0sp1/nios2eds/bin/gnu/h-i686-mingw32/bin/../lib/gcc/nios2-elf/4.1.2\libgcc.a
START GROUP
LOAD c:/altera/13.0sp1/nios2eds/bin/gnu/h-i686-mingw32/bin/../lib/gcc/nios2-elf/4.1.2/../../../../nios2-elf/lib\libc.a
LOAD c:/altera/13.0sp1/nios2eds/bin/gnu/h-i686-mingw32/bin/../lib/gcc/nios2-elf/4.1.2\libgcc.a
LOAD ../Ascensor_bsp/\libucosii_bsp.a
END GROUP
LOAD c:/altera/13.0sp1/nios2eds/bin/gnu/h-i686-mingw32/bin/../lib/gcc/nios2-elf/4.1.2\libgcc.a
                0x00000000                __alt_mem_sdram = 0x0
                0x08200000                __alt_mem_onchip_memory = 0x8200000
                0x08800000                __alt_mem_flash_controller = 0x8800000

.entry          0x00000000       0x20
 *(.entry)
 .entry         0x00000000       0x20 ../Ascensor_bsp//obj/HAL/src/crt0.o
                0x00000000                __reset

.exceptions     0x00000020      0x1a0
                0x00000020                PROVIDE (__ram_exceptions_start, ABSOLUTE (.))
                0x00000020                . = ALIGN (0x20)
 *(.irq)
 *(.exceptions.entry.label)
 .exceptions.entry.label
                0x00000020        0x0 ../Ascensor_bsp/\libucosii_bsp.a(alt_irq_entry.o)
                0x00000020                alt_irq_entry
 .exceptions.entry.label
                0x00000020        0x0 ../Ascensor_bsp/\libucosii_bsp.a(alt_exception_entry.o)
                0x00000020                alt_exception
 *(.exceptions.entry.user)
 *(.exceptions.entry)
 .exceptions.entry
                0x00000020       0x54 ../Ascensor_bsp/\libucosii_bsp.a(alt_exception_entry.o)
 *(.exceptions.irqtest.user)
 *(.exceptions.irqtest)
 .exceptions.irqtest
                0x00000074       0x10 ../Ascensor_bsp/\libucosii_bsp.a(alt_irq_entry.o)
 *(.exceptions.irqhandler.user)
 *(.exceptions.irqhandler)
 .exceptions.irqhandler
                0x00000084        0x4 ../Ascensor_bsp/\libucosii_bsp.a(alt_irq_entry.o)
 *(.exceptions.irqreturn.user)
 *(.exceptions.irqreturn)
 .exceptions.irqreturn
                0x00000088        0x4 ../Ascensor_bsp/\libucosii_bsp.a(alt_irq_entry.o)
 *(.exceptions.notirq.label)
 .exceptions.notirq.label
                0x0000008c        0x0 ../Ascensor_bsp/\libucosii_bsp.a(alt_irq_entry.o)
 *(.exceptions.notirq.user)
 *(.exceptions.notirq)
 .exceptions.notirq
                0x0000008c        0x8 ../Ascensor_bsp/\libucosii_bsp.a(alt_exception_entry.o)
 *(.exceptions.soft.user)
 *(.exceptions.soft)
 *(.exceptions.unknown.user)
 *(.exceptions.unknown)
 .exceptions.unknown
                0x00000094        0x4 ../Ascensor_bsp/\libucosii_bsp.a(alt_exception_entry.o)
 *(.exceptions.exit.label)
 .exceptions.exit.label
                0x00000098        0x0 ../Ascensor_bsp/\libucosii_bsp.a(alt_irq_entry.o)
 .exceptions.exit.label
                0x00000098        0x0 ../Ascensor_bsp/\libucosii_bsp.a(alt_exception_entry.o)
 *(.exceptions.exit.user)
 *(.exceptions.exit)
 .exceptions.exit
                0x00000098       0x54 ../Ascensor_bsp/\libucosii_bsp.a(alt_exception_entry.o)
 *(.exceptions)
 .exceptions    0x000000ec       0xd4 ../Ascensor_bsp/\libucosii_bsp.a(alt_irq_handler.o)
                0x000000ec                alt_irq_handler
                0x000001c0                PROVIDE (__ram_exceptions_end, ABSOLUTE (.))
                0x00000020                PROVIDE (__flash_exceptions_start, LOADADDR (.exceptions))

.text           0x000001c0    0x17208
                0x000001c0                PROVIDE (stext, ABSOLUTE (.))
 *(.interp)
 *(.hash)
 *(.dynsym)
 *(.dynstr)
 *(.gnu.version)
 *(.gnu.version_d)
 *(.gnu.version_r)
 *(.rel.init)
 *(.rela.init)
 *(.rel.text .rel.text.* .rel.gnu.linkonce.t.*)
 *(.rela.text .rela.text.* .rela.gnu.linkonce.t.*)
 *(.rel.fini)
 *(.rela.fini)
 *(.rel.rodata .rel.rodata.* .rel.gnu.linkonce.r.*)
 *(.rela.rodata .rela.rodata.* .rela.gnu.linkonce.r.*)
 *(.rel.data .rel.data.* .rel.gnu.linkonce.d.*)
 *(.rela.data .rela.data.* .rela.gnu.linkonce.d.*)
 *(.rel.tdata .rel.tdata.* .rel.gnu.linkonce.td.*)
 *(.rela.tdata .rela.tdata.* .rela.gnu.linkonce.td.*)
 *(.rel.tbss .rel.tbss.* .rel.gnu.linkonce.tb.*)
 *(.rela.tbss .rela.tbss.* .rela.gnu.linkonce.tb.*)
 *(.rel.ctors)
 *(.rela.ctors)
 *(.rel.dtors)
 *(.rela.dtors)
 *(.rel.got)
 *(.rela.got)
 *(.rel.sdata .rel.sdata.* .rel.gnu.linkonce.s.*)
 *(.rela.sdata .rela.sdata.* .rela.gnu.linkonce.s.*)
 *(.rel.sbss .rel.sbss.* .rel.gnu.linkonce.sb.*)
 *(.rela.sbss .rela.sbss.* .rela.gnu.linkonce.sb.*)
 *(.rel.sdata2 .rel.sdata2.* .rel.gnu.linkonce.s2.*)
 *(.rela.sdata2 .rela.sdata2.* .rela.gnu.linkonce.s2.*)
 *(.rel.sbss2 .rel.sbss2.* .rel.gnu.linkonce.sb2.*)
 *(.rela.sbss2 .rela.sbss2.* .rela.gnu.linkonce.sb2.*)
 *(.rel.bss .rel.bss.* .rel.gnu.linkonce.b.*)
 *(.rela.bss .rela.bss.* .rela.gnu.linkonce.b.*)
 *(.rel.plt)
 *(.rela.plt)
 *(.rel.dyn)
 *(.init)
 *(.plt)
 *(.text .stub .text.* .gnu.linkonce.t.*)
 .text          0x000001c0       0x3c ../Ascensor_bsp//obj/HAL/src/crt0.o
                0x000001c0                _start
 .text          0x000001fc      0xf10 obj/default/hello_ucosii.o
                0x000001fc                control
                0x000004fc                cabina
                0x0000075c                moduloseguridad
                0x00000858                teclado
                0x00000920                visualizacion
                0x00000d14                LCD_cursor
                0x00000d80                LCD_text
                0x00000dec                LCD_cursor_off
                0x00000e20                pushbutton_ISR
                0x00000ecc                main
 .text          0x0000110c       0x78 c:/altera/13.0sp1/nios2eds/bin/gnu/h-i686-mingw32/bin/../lib/gcc/nios2-elf/4.1.2/../../../../nios2-elf/lib\libc.a(lib_a-printf.o)
                0x0000110c                printf
                0x00001150                _printf_r
 .text          0x00001184       0xb4 c:/altera/13.0sp1/nios2eds/bin/gnu/h-i686-mingw32/bin/../lib/gcc/nios2-elf/4.1.2/../../../../nios2-elf/lib\libc.a(lib_a-puts.o)
                0x00001184                _puts_r
                0x00001224                puts
 .text          0x00001238       0xd4 c:/altera/13.0sp1/nios2eds/bin/gnu/h-i686-mingw32/bin/../lib/gcc/nios2-elf/4.1.2/../../../../nios2-elf/lib\libc.a(lib_a-sprintf.o)
                0x00001238                sprintf
                0x000012ac                _sprintf_r
 .text          0x0000130c       0x74 c:/altera/13.0sp1/nios2eds/bin/gnu/h-i686-mingw32/bin/../lib/gcc/nios2-elf/4.1.2/../../../../nios2-elf/lib\libc.a(lib_a-strlen.o)
                0x0000130c                strlen
 .text          0x00001380     0x1f28 c:/altera/13.0sp1/nios2eds/bin/gnu/h-i686-mingw32/bin/../lib/gcc/nios2-elf/4.1.2/../../../../nios2-elf/lib\libc.a(lib_a-vfprintf.o)
                0x000013d8                ___vfprintf_internal_r
                0x00003284                __vfprintf_internal
 .text          0x000032a8      0x13c c:/altera/13.0sp1/nios2eds/bin/gnu/h-i686-mingw32/bin/../lib/gcc/nios2-elf/4.1.2/../../../../nios2-elf/lib\libc.a(lib_a-wsetup.o)
                0x000032a8                __swsetup_r
 .text          0x000033e4     0x17cc c:/altera/13.0sp1/nios2eds/bin/gnu/h-i686-mingw32/bin/../lib/gcc/nios2-elf/4.1.2/../../../../nios2-elf/lib\libc.a(lib_a-dtoa.o)
                0x000035fc                _dtoa_r
 .text          0x00004bb0      0x230 c:/altera/13.0sp1/nios2eds/bin/gnu/h-i686-mingw32/bin/../lib/gcc/nios2-elf/4.1.2/../../../../nios2-elf/lib\libc.a(lib_a-fflush.o)
                0x00004bb0                _fflush_r
                0x00004dac                fflush
 .text          0x00004de0      0x2c0 c:/altera/13.0sp1/nios2eds/bin/gnu/h-i686-mingw32/bin/../lib/gcc/nios2-elf/4.1.2/../../../../nios2-elf/lib\libc.a(lib_a-findfp.o)
                0x00004e38                __sfp_lock_acquire
                0x00004e3c                __sfp_lock_release
                0x00004e40                __sinit_lock_acquire
                0x00004e44                __sinit_lock_release
                0x00004e48                __sinit
                0x00004efc                __fp_unlock_all
                0x00004f14                __fp_lock_all
                0x00004f2c                _cleanup_r
                0x00004f38                _cleanup
                0x00004f48                __sfmoreglue
                0x00004fb0                __sfp
 .text          0x000050a0      0x440 c:/altera/13.0sp1/nios2eds/bin/gnu/h-i686-mingw32/bin/../lib/gcc/nios2-elf/4.1.2/../../../../nios2-elf/lib\libc.a(lib_a-freer.o)
                0x000050a0                _malloc_trim_r
                0x000051cc                _free_r
 .text          0x000054e0      0x49c c:/altera/13.0sp1/nios2eds/bin/gnu/h-i686-mingw32/bin/../lib/gcc/nios2-elf/4.1.2/../../../../nios2-elf/lib\libc.a(lib_a-fvwrite.o)
                0x000054e0                __sfvwrite_r
 .text          0x0000597c      0x180 c:/altera/13.0sp1/nios2eds/bin/gnu/h-i686-mingw32/bin/../lib/gcc/nios2-elf/4.1.2/../../../../nios2-elf/lib\libc.a(lib_a-fwalk.o)
                0x0000597c                _fwalk_reent
                0x00005a44                _fwalk
 .text          0x00005afc        0x0 c:/altera/13.0sp1/nios2eds/bin/gnu/h-i686-mingw32/bin/../lib/gcc/nios2-elf/4.1.2/../../../../nios2-elf/lib\libc.a(lib_a-impure.o)
 .text          0x00005afc       0xc4 c:/altera/13.0sp1/nios2eds/bin/gnu/h-i686-mingw32/bin/../lib/gcc/nios2-elf/4.1.2/../../../../nios2-elf/lib\libc.a(lib_a-locale.o)
                0x00005afc                __locale_charset
                0x00005b04                _localeconv_r
                0x00005b10                localeconv
                0x00005b20                _setlocale_r
                0x00005ba4                setlocale
 .text          0x00005bc0      0x194 c:/altera/13.0sp1/nios2eds/bin/gnu/h-i686-mingw32/bin/../lib/gcc/nios2-elf/4.1.2/../../../../nios2-elf/lib\libc.a(lib_a-makebuf.o)
                0x00005bc0                __smakebuf_r
 .text          0x00005d54      0x740 c:/altera/13.0sp1/nios2eds/bin/gnu/h-i686-mingw32/bin/../lib/gcc/nios2-elf/4.1.2/../../../../nios2-elf/lib\libc.a(lib_a-mallocr.o)
                0x00005d54                _malloc_r
 .text          0x00006494       0xe4 c:/altera/13.0sp1/nios2eds/bin/gnu/h-i686-mingw32/bin/../lib/gcc/nios2-elf/4.1.2/../../../../nios2-elf/lib\libc.a(lib_a-memchr.o)
                0x00006494                memchr
 .text          0x00006578       0xa0 c:/altera/13.0sp1/nios2eds/bin/gnu/h-i686-mingw32/bin/../lib/gcc/nios2-elf/4.1.2/../../../../nios2-elf/lib\libc.a(lib_a-memcpy.o)
                0x00006578                memcpy
 .text          0x00006618       0xe0 c:/altera/13.0sp1/nios2eds/bin/gnu/h-i686-mingw32/bin/../lib/gcc/nios2-elf/4.1.2/../../../../nios2-elf/lib\libc.a(lib_a-memmove.o)
                0x00006618                memmove
 .text          0x000066f8       0x98 c:/altera/13.0sp1/nios2eds/bin/gnu/h-i686-mingw32/bin/../lib/gcc/nios2-elf/4.1.2/../../../../nios2-elf/lib\libc.a(lib_a-memset.o)
                0x000066f8                memset
 .text          0x00006790      0xff4 c:/altera/13.0sp1/nios2eds/bin/gnu/h-i686-mingw32/bin/../lib/gcc/nios2-elf/4.1.2/../../../../nios2-elf/lib\libc.a(lib_a-mprec.o)
                0x00006790                _Bfree
                0x000067b8                __hi0bits
                0x00006828                __lo0bits
                0x000068ec                __mcmp
                0x0000694c                __ulp
                0x000069cc                __b2d
                0x00006aec                __ratio
                0x00006b9c                _mprec_log10
                0x00006c30                __copybits
                0x00006c88                __any_on
                0x00006d10                _Balloc
                0x00006dcc                __d2b
                0x00006f48                __mdiff
                0x000070d4                __lshift
                0x00007220                __multiply
                0x00007408                __i2b
                0x00007444                __multadd
                0x00007544                __pow5mult
                0x00007664                __s2b
 .text          0x00007784      0x5f4 c:/altera/13.0sp1/nios2eds/bin/gnu/h-i686-mingw32/bin/../lib/gcc/nios2-elf/4.1.2/../../../../nios2-elf/lib\libc.a(lib_a-reallocr.o)
                0x00007784                _realloc_r
 .text          0x00007d78       0x40 c:/altera/13.0sp1/nios2eds/bin/gnu/h-i686-mingw32/bin/../lib/gcc/nios2-elf/4.1.2/../../../../nios2-elf/lib\libc.a(lib_a-s_isinfd.o)
                0x00007d78                __isinfd
 .text          0x00007db8       0x30 c:/altera/13.0sp1/nios2eds/bin/gnu/h-i686-mingw32/bin/../lib/gcc/nios2-elf/4.1.2/../../../../nios2-elf/lib\libc.a(lib_a-s_isnand.o)
                0x00007db8                __isnand
 .text          0x00007de8       0x70 c:/altera/13.0sp1/nios2eds/bin/gnu/h-i686-mingw32/bin/../lib/gcc/nios2-elf/4.1.2/../../../../nios2-elf/lib\libc.a(lib_a-sbrkr.o)
                0x00007de8                _sbrk_r
 .text          0x00007e58      0x14c c:/altera/13.0sp1/nios2eds/bin/gnu/h-i686-mingw32/bin/../lib/gcc/nios2-elf/4.1.2/../../../../nios2-elf/lib\libc.a(lib_a-stdio.o)
                0x00007e58                __sclose
                0x00007e60                __sseek
                0x00007ec8                __swrite
                0x00007f44                __sread
 .text          0x00007fa4       0xbc c:/altera/13.0sp1/nios2eds/bin/gnu/h-i686-mingw32/bin/../lib/gcc/nios2-elf/4.1.2/../../../../nios2-elf/lib\libc.a(lib_a-strcmp.o)
                0x00007fa4                strcmp
 .text          0x00008060       0x78 c:/altera/13.0sp1/nios2eds/bin/gnu/h-i686-mingw32/bin/../lib/gcc/nios2-elf/4.1.2/../../../../nios2-elf/lib\libc.a(lib_a-writer.o)
                0x00008060                _write_r
 .text          0x000080d8       0xb4 c:/altera/13.0sp1/nios2eds/bin/gnu/h-i686-mingw32/bin/../lib/gcc/nios2-elf/4.1.2/../../../../nios2-elf/lib\libc.a(lib_a-callocr.o)
                0x000080d8                _calloc_r
 .text          0x0000818c       0x70 c:/altera/13.0sp1/nios2eds/bin/gnu/h-i686-mingw32/bin/../lib/gcc/nios2-elf/4.1.2/../../../../nios2-elf/lib\libc.a(lib_a-closer.o)
                0x0000818c                _close_r
 .text          0x000081fc      0x124 c:/altera/13.0sp1/nios2eds/bin/gnu/h-i686-mingw32/bin/../lib/gcc/nios2-elf/4.1.2/../../../../nios2-elf/lib\libc.a(lib_a-fclose.o)
                0x000081fc                _fclose_r
                0x0000830c                fclose
 .text          0x00008320       0x74 c:/altera/13.0sp1/nios2eds/bin/gnu/h-i686-mingw32/bin/../lib/gcc/nios2-elf/4.1.2/../../../../nios2-elf/lib\libc.a(lib_a-fstatr.o)
                0x00008320                _fstat_r
 .text          0x00008394        0x0 c:/altera/13.0sp1/nios2eds/bin/gnu/h-i686-mingw32/bin/../lib/gcc/nios2-elf/4.1.2/../../../../nios2-elf/lib\libc.a(lib_a-int_errno.o)
 .text          0x00008394       0x70 c:/altera/13.0sp1/nios2eds/bin/gnu/h-i686-mingw32/bin/../lib/gcc/nios2-elf/4.1.2/../../../../nios2-elf/lib\libc.a(lib_a-isattyr.o)
                0x00008394                _isatty_r
 .text          0x00008404       0x78 c:/altera/13.0sp1/nios2eds/bin/gnu/h-i686-mingw32/bin/../lib/gcc/nios2-elf/4.1.2/../../../../nios2-elf/lib\libc.a(lib_a-lseekr.o)
                0x00008404                _lseek_r
 .text          0x0000847c       0x78 c:/altera/13.0sp1/nios2eds/bin/gnu/h-i686-mingw32/bin/../lib/gcc/nios2-elf/4.1.2/../../../../nios2-elf/lib\libc.a(lib_a-readr.o)
                0x0000847c                _read_r
 .text          0x000084f4      0x5dc c:/altera/13.0sp1/nios2eds/bin/gnu/h-i686-mingw32/bin/../lib/gcc/nios2-elf/4.1.2\libgcc.a(_udivdi3.o)
                0x000084f4                __udivdi3
 .text          0x00008ad0      0x5b0 c:/altera/13.0sp1/nios2eds/bin/gnu/h-i686-mingw32/bin/../lib/gcc/nios2-elf/4.1.2\libgcc.a(_umoddi3.o)
                0x00008ad0                __umoddi3
 .text          0x00009080      0x504 c:/altera/13.0sp1/nios2eds/bin/gnu/h-i686-mingw32/bin/../lib/gcc/nios2-elf/4.1.2\libgcc.a(_addsub_df.o)
                0x00009490                __subdf3
                0x00009510                __adddf3
 .text          0x00009584      0x3c4 c:/altera/13.0sp1/nios2eds/bin/gnu/h-i686-mingw32/bin/../lib/gcc/nios2-elf/4.1.2\libgcc.a(_mul_df.o)
                0x00009584                __muldf3
 .text          0x00009948      0x258 c:/altera/13.0sp1/nios2eds/bin/gnu/h-i686-mingw32/bin/../lib/gcc/nios2-elf/4.1.2\libgcc.a(_div_df.o)
                0x00009948                __divdf3
 .text          0x00009ba0       0x88 c:/altera/13.0sp1/nios2eds/bin/gnu/h-i686-mingw32/bin/../lib/gcc/nios2-elf/4.1.2\libgcc.a(_eq_df.o)
                0x00009ba0                __eqdf2
 .text          0x00009c28       0x88 c:/altera/13.0sp1/nios2eds/bin/gnu/h-i686-mingw32/bin/../lib/gcc/nios2-elf/4.1.2\libgcc.a(_ne_df.o)
                0x00009c28                __nedf2
 .text          0x00009cb0       0x88 c:/altera/13.0sp1/nios2eds/bin/gnu/h-i686-mingw32/bin/../lib/gcc/nios2-elf/4.1.2\libgcc.a(_gt_df.o)
                0x00009cb0                __gtdf2
 .text          0x00009d38       0x88 c:/altera/13.0sp1/nios2eds/bin/gnu/h-i686-mingw32/bin/../lib/gcc/nios2-elf/4.1.2\libgcc.a(_ge_df.o)
                0x00009d38                __gedf2
 .text          0x00009dc0       0x88 c:/altera/13.0sp1/nios2eds/bin/gnu/h-i686-mingw32/bin/../lib/gcc/nios2-elf/4.1.2\libgcc.a(_lt_df.o)
                0x00009dc0                __ltdf2
 .text          0x00009e48       0xf8 c:/altera/13.0sp1/nios2eds/bin/gnu/h-i686-mingw32/bin/../lib/gcc/nios2-elf/4.1.2\libgcc.a(_si_to_df.o)
                0x00009e48                __floatsidf
 .text          0x00009f40       0xd8 c:/altera/13.0sp1/nios2eds/bin/gnu/h-i686-mingw32/bin/../lib/gcc/nios2-elf/4.1.2\libgcc.a(_df_to_si.o)
                0x00009f40                __fixdfsi
 .text          0x0000a018        0x0 c:/altera/13.0sp1/nios2eds/bin/gnu/h-i686-mingw32/bin/../lib/gcc/nios2-elf/4.1.2\libgcc.a(_thenan_df.o)
 .text          0x0000a018      0x194 c:/altera/13.0sp1/nios2eds/bin/gnu/h-i686-mingw32/bin/../lib/gcc/nios2-elf/4.1.2\libgcc.a(_usi_to_df.o)
                0x0000a018                __floatunsidf
 .text          0x0000a1ac      0x14c c:/altera/13.0sp1/nios2eds/bin/gnu/h-i686-mingw32/bin/../lib/gcc/nios2-elf/4.1.2\libgcc.a(lib2-divmod.o)
                0x0000a228                __divsi3
                0x0000a288                __modsi3
                0x0000a2e8                __udivsi3
                0x0000a2f0                __umodsi3
 .text          0x0000a2f8       0x98 c:/altera/13.0sp1/nios2eds/bin/gnu/h-i686-mingw32/bin/../lib/gcc/nios2-elf/4.1.2\libgcc.a(_muldi3.o)
                0x0000a2f8                __muldi3
 .text          0x0000a390        0x0 c:/altera/13.0sp1/nios2eds/bin/gnu/h-i686-mingw32/bin/../lib/gcc/nios2-elf/4.1.2\libgcc.a(_clz.o)
 .text          0x0000a390       0x80 c:/altera/13.0sp1/nios2eds/bin/gnu/h-i686-mingw32/bin/../lib/gcc/nios2-elf/4.1.2\libgcc.a(_clzsi2.o)
                0x0000a390                __clzsi2
 .text          0x0000a410      0x314 c:/altera/13.0sp1/nios2eds/bin/gnu/h-i686-mingw32/bin/../lib/gcc/nios2-elf/4.1.2\libgcc.a(_pack_df.o)
                0x0000a410                __pack_d
 .text          0x0000a724      0x138 c:/altera/13.0sp1/nios2eds/bin/gnu/h-i686-mingw32/bin/../lib/gcc/nios2-elf/4.1.2\libgcc.a(_unpack_df.o)
                0x0000a724                __unpack_d
 .text          0x0000a85c       0xc8 c:/altera/13.0sp1/nios2eds/bin/gnu/h-i686-mingw32/bin/../lib/gcc/nios2-elf/4.1.2\libgcc.a(_fpcmp_parts_df.o)
                0x0000a85c                __fpcmp_parts_d
 .text          0x0000a924      0x15c ../Ascensor_bsp/\libucosii_bsp.a(alt_close.o)
                0x0000a924                close
 .text          0x0000aa80       0x2c ../Ascensor_bsp/\libucosii_bsp.a(alt_dev.o)
 .text          0x0000aaac        0x0 ../Ascensor_bsp/\libucosii_bsp.a(alt_errno.o)
 .text          0x0000aaac      0x134 ../Ascensor_bsp/\libucosii_bsp.a(alt_fstat.o)
                0x0000aaac                fstat
 .text          0x0000abe0      0x1c0 ../Ascensor_bsp/\libucosii_bsp.a(alt_irq_register.o)
                0x0000abe0                alt_irq_register
 .text          0x0000ada0        0x0 ../Ascensor_bsp/\libucosii_bsp.a(alt_irq_vars.o)
 .text          0x0000ada0      0x120 ../Ascensor_bsp/\libucosii_bsp.a(alt_isatty.o)
                0x0000ada0                isatty
 .text          0x0000aec0       0xec ../Ascensor_bsp/\libucosii_bsp.a(alt_load.o)
                0x0000aec0                alt_load
 .text          0x0000afac      0x150 ../Ascensor_bsp/\libucosii_bsp.a(alt_lseek.o)
                0x0000afac                lseek
 .text          0x0000b0fc       0xc8 ../Ascensor_bsp/\libucosii_bsp.a(alt_main.o)
                0x0000b0fc                alt_main
 .text          0x0000b1c4      0x180 ../Ascensor_bsp/\libucosii_bsp.a(alt_read.o)
                0x0000b1c4                read
 .text          0x0000b344       0x60 ../Ascensor_bsp/\libucosii_bsp.a(alt_release_fd.o)
                0x0000b344                alt_release_fd
 .text          0x0000b3a4       0xbc ../Ascensor_bsp/\libucosii_bsp.a(alt_sbrk.o)
                0x0000b3a4                sbrk
 .text          0x0000b460      0x180 ../Ascensor_bsp/\libucosii_bsp.a(alt_write.o)
                0x0000b460                write
 .text          0x0000b5e0      0x108 ../Ascensor_bsp/\libucosii_bsp.a(alt_env_lock.o)
                0x0000b5e0                __env_lock
                0x0000b68c                __env_unlock
 .text          0x0000b6e8      0x1d8 ../Ascensor_bsp/\libucosii_bsp.a(alt_malloc_lock.o)
                0x0000b6e8                __malloc_lock
                0x0000b7f0                __malloc_unlock
 .text          0x0000b8c0     0x2128 ../Ascensor_bsp/\libucosii_bsp.a(os_core.o)
                0x0000b8c0                OSEventNameGet
                0x0000b9f0                OSEventNameSet
                0x0000bb34                OSEventPendMulti
                0x0000c1e8                OSInit
                0x0000c23c                OSIntEnter
                0x0000c2b8                OSIntExit
                0x0000c3b8                OSSchedLock
                0x0000c444                OSSchedUnlock
                0x0000c528                OSStart
                0x0000c598                OSStatInit
                0x0000c644                OSTimeTick
                0x0000c884                OSVersion
                0x0000c8a4                OS_Dummy
                0x0000c8c0                OS_EventTaskRdy
                0x0000ca54                OS_EventTaskWait
                0x0000cb64                OS_EventTaskWaitMulti
                0x0000ccb8                OS_EventTaskRemove
                0x0000cd70                OS_EventTaskRemoveMulti
                0x0000ce74                OS_EventWaitListInit
                0x0000d240                OS_MemClr
                0x0000d294                OS_MemCopy
                0x0000d300                OS_Sched
                0x0000d444                OS_StrCopy
                0x0000d4c4                OS_StrLen
                0x0000d51c                OS_TaskIdle
                0x0000d578                OS_TaskStat
                0x0000d640                OS_TaskStatStkChk
                0x0000d708                OS_TCBInit
 .text          0x0000d9e8      0x18c ../Ascensor_bsp/\libucosii_bsp.a(os_dbg.o)
                0x0000d9e8                OSDebugInit
 .text          0x0000db74     0x193c ../Ascensor_bsp/\libucosii_bsp.a(os_flag.o)
                0x0000db74                OSFlagAccept
                0x0000dea8                OSFlagCreate
                0x0000dfe4                OSFlagDel
                0x0000e28c                OSFlagNameGet
                0x0000e3d0                OSFlagNameSet
                0x0000e524                OSFlagPend
                0x0000eb68                OSFlagPendGetFlagsRdy
                0x0000ebd0                OSFlagPost
                0x0000ef78                OSFlagQuery
                0x0000f210                OS_FlagInit
                0x0000f404                OS_FlagUnlink
 .text          0x0000f4b0      0xc8c ../Ascensor_bsp/\libucosii_bsp.a(os_mbox.o)
                0x0000f4b0                OSMboxAccept
                0x0000f554                OSMboxCreate
                0x0000f668                OSMboxDel
                0x0000f908                OSMboxPend
                0x0000fbd0                OSMboxPendAbort
                0x0000fd4c                OSMboxPost
                0x0000fe80                OSMboxPostOpt
                0x0001000c                OSMboxQuery
 .text          0x0001013c      0x808 ../Ascensor_bsp/\libucosii_bsp.a(os_mem.o)
                0x0001013c                OSMemCreate
                0x00010358                OSMemGet
                0x0001045c                OSMemNameGet
                0x00010568                OSMemNameSet
                0x00010688                OSMemPut
                0x00010778                OSMemQuery
                0x00010874                OS_MemInit
 .text          0x00010944     0x1334 ../Ascensor_bsp/\libucosii_bsp.a(os_q.o)
                0x00010944                OSQAccept
                0x00010a98                OSQCreate
                0x00010cac                OSQDel
                0x00010fac                OSQFlush
                0x00011074                OSQPend
                0x00011394                OSQPendAbort
                0x00011510                OSQPost
                0x00011690                OSQPostFront
                0x00011818                OSQPostOpt
                0x00011a4c                OSQQuery
                0x00011bcc                OS_QInit
 .text          0x00011c78      0xbc8 ../Ascensor_bsp/\libucosii_bsp.a(os_sem.o)
                0x00011c78                OSSemAccept
                0x00011d38                OSSemCreate
                0x00011e4c                OSSemDel
                0x000120ec                OSSemPend
                0x00012368                OSSemPendAbort
                0x000124e4                OSSemPost
                0x0001260c                OSSemQuery
                0x0001273c                OSSemSet
 .text          0x00012840     0x1a40 ../Ascensor_bsp/\libucosii_bsp.a(os_task.o)
                0x00012840                OSTaskChangePrio
                0x00012db4                OSTaskCreate
                0x00012f88                OSTaskCreateExt
                0x00013188                OSTaskDel
                0x00013594                OSTaskDelReq
                0x00013704                OSTaskNameGet
                0x000138bc                OSTaskNameSet
                0x00013a80                OSTaskResume
                0x00013c98                OSTaskStkChk
                0x00013e94                OSTaskSuspend
                0x000140c0                OSTaskQuery
                0x00014204                OS_TaskStkClr
 .text          0x00014280      0x66c ../Ascensor_bsp/\libucosii_bsp.a(os_time.o)
                0x00014280                OSTimeDly
                0x000143cc                OSTimeDlyHMSM
                0x00014614                OSTimeDlyResume
                0x00014824                OSTimeGet
                0x00014888                OSTimeSet
 .text          0x000148ec      0x138 ../Ascensor_bsp/\libucosii_bsp.a(alt_sys_init.o)
                0x000148ec                alt_irq_init
                0x00014920                alt_sys_init
 .text          0x00014a24      0x148 ../Ascensor_bsp/\libucosii_bsp.a(altera_avalon_jtag_uart_fd.o)
                0x00014a24                altera_avalon_jtag_uart_read_fd
                0x00014a7c                altera_avalon_jtag_uart_write_fd
                0x00014ad4                altera_avalon_jtag_uart_close_fd
                0x00014b1c                altera_avalon_jtag_uart_ioctl_fd
 .text          0x00014b6c      0x580 ../Ascensor_bsp/\libucosii_bsp.a(altera_avalon_jtag_uart_init.o)
                0x00014b6c                altera_avalon_jtag_uart_init
                0x00015078                altera_avalon_jtag_uart_close
 .text          0x000150ec       0xf4 ../Ascensor_bsp/\libucosii_bsp.a(altera_avalon_jtag_uart_ioctl.o)
                0x000150ec                altera_avalon_jtag_uart_ioctl
 .text          0x000151e0      0x2c0 ../Ascensor_bsp/\libucosii_bsp.a(altera_avalon_jtag_uart_read.o)
                0x000151e0                altera_avalon_jtag_uart_read
 .text          0x000154a0      0x2dc ../Ascensor_bsp/\libucosii_bsp.a(altera_avalon_jtag_uart_write.o)
                0x000154a0                altera_avalon_jtag_uart_write
 .text          0x0001577c       0xfc ../Ascensor_bsp/\libucosii_bsp.a(altera_avalon_timer_sc.o)
                0x000157f0                alt_avalon_timer_sc_init
 .text          0x00015878      0x530 ../Ascensor_bsp/\libucosii_bsp.a(altera_up_avalon_character_lcd.o)
                0x00015878                get_DDRAM_addr
                0x000158f4                alt_up_character_lcd_send_cmd
                0x00015928                alt_up_character_lcd_init
                0x0001595c                alt_up_character_lcd_open_dev
                0x0001599c                alt_up_character_lcd_write
                0x00015a14                alt_up_character_lcd_string
                0x00015a8c                alt_up_character_lcd_write_fd
                0x00015ad8                alt_up_character_lcd_set_cursor_pos
                0x00015b50                alt_up_character_lcd_shift_cursor
                0x00015c00                alt_up_character_lcd_shift_display
                0x00015cb0                alt_up_character_lcd_erase_pos
                0x00015d40                alt_up_character_lcd_cursor_off
                0x00015d74                alt_up_character_lcd_cursor_blink_on
 .text          0x00015da8      0x154 ../Ascensor_bsp/\libucosii_bsp.a(alt_alarm_start.o)
                0x00015da8                alt_alarm_start
 .text          0x00015efc       0x1c ../Ascensor_bsp/\libucosii_bsp.a(alt_dcache_flush_all.o)
                0x00015efc                alt_dcache_flush_all
 .text          0x00015f18      0x114 ../Ascensor_bsp/\libucosii_bsp.a(alt_dev_llist_insert.o)
                0x00015f18                alt_dev_llist_insert
 .text          0x0001602c       0x64 ../Ascensor_bsp/\libucosii_bsp.a(alt_do_ctors.o)
                0x0001602c                _do_ctors
 .text          0x00016090       0x64 ../Ascensor_bsp/\libucosii_bsp.a(alt_do_dtors.o)
                0x00016090                _do_dtors
 .text          0x000160f4       0x94 ../Ascensor_bsp/\libucosii_bsp.a(alt_find_dev.o)
                0x000160f4                alt_find_dev
 .text          0x00016188       0x30 ../Ascensor_bsp/\libucosii_bsp.a(alt_icache_flush_all.o)
                0x00016188                alt_icache_flush_all
 .text          0x000161b8      0x13c ../Ascensor_bsp/\libucosii_bsp.a(alt_io_redirect.o)
                0x0001627c                alt_io_redirect
 .text          0x000162f4        0x0 ../Ascensor_bsp/\libucosii_bsp.a(alt_irq_entry.o)
 .text          0x000162f4        0x0 ../Ascensor_bsp/\libucosii_bsp.a(alt_irq_handler.o)
 .text          0x000162f4      0x2c4 ../Ascensor_bsp/\libucosii_bsp.a(alt_open.o)
                0x000163d0                open
 .text          0x000165b8      0x1a8 ../Ascensor_bsp/\libucosii_bsp.a(alt_tick.o)
                0x000165b8                alt_alarm_stop
                0x00016650                alt_tick
 .text          0x00016760       0x20 ../Ascensor_bsp/\libucosii_bsp.a(altera_nios2_qsys_irq.o)
                0x00016760                altera_nios2_qsys_irq_init
 .text          0x00016780       0xd0 ../Ascensor_bsp/\libucosii_bsp.a(os_cpu_a.o)
                0x00016780                OSCtxSw
                0x00016780                OSIntCtxSw
                0x0001680c                OSStartHighRdy
                0x0001682c                OSStartTsk
 .text          0x00016850      0x418 ../Ascensor_bsp/\libucosii_bsp.a(os_cpu_c.o)
                0x00016850                OSTaskStkInit
                0x00016b60                OSTaskCreateHook
                0x00016b80                OSTaskDelHook
                0x00016ba0                OSTaskSwHook
                0x00016bbc                OSTaskStatHook
                0x00016bd8                OSTimeTickHook
                0x00016bf4                OSInitHookBegin
                0x00016c10                OSInitHookEnd
                0x00016c2c                OSTaskIdleHook
                0x00016c48                OSTCBInitHook
 .text          0x00016c68        0x0 ../Ascensor_bsp/\libucosii_bsp.a(alt_exception_entry.o)
 .text          0x00016c68      0x120 ../Ascensor_bsp/\libucosii_bsp.a(alt_find_file.o)
                0x00016c68                alt_find_file
 .text          0x00016d88       0xf4 ../Ascensor_bsp/\libucosii_bsp.a(alt_get_fd.o)
                0x00016d88                alt_get_fd
 .text          0x00016e7c       0x90 ../Ascensor_bsp/\libucosii_bsp.a(alt_icache_flush.o)
                0x00016e7c                alt_icache_flush
 .text          0x00016f0c       0x14 c:/altera/13.0sp1/nios2eds/bin/gnu/h-i686-mingw32/bin/../lib/gcc/nios2-elf/4.1.2/../../../../nios2-elf/lib\libc.a(lib_a-atexit.o)
                0x00016f0c                atexit
 .text          0x00016f20       0x38 c:/altera/13.0sp1/nios2eds/bin/gnu/h-i686-mingw32/bin/../lib/gcc/nios2-elf/4.1.2/../../../../nios2-elf/lib\libc.a(lib_a-exit.o)
                0x00016f20                exit
 .text          0x00016f58       0x74 c:/altera/13.0sp1/nios2eds/bin/gnu/h-i686-mingw32/bin/../lib/gcc/nios2-elf/4.1.2/../../../../nios2-elf/lib\libc.a(lib_a-memcmp.o)
                0x00016f58                memcmp
 .text          0x00016fcc      0x134 c:/altera/13.0sp1/nios2eds/bin/gnu/h-i686-mingw32/bin/../lib/gcc/nios2-elf/4.1.2/../../../../nios2-elf/lib\libc.a(lib_a-__atexit.o)
                0x00016fcc                __register_exitproc
 .text          0x00017100      0x1b4 c:/altera/13.0sp1/nios2eds/bin/gnu/h-i686-mingw32/bin/../lib/gcc/nios2-elf/4.1.2/../../../../nios2-elf/lib\libc.a(lib_a-__call_atexit.o)
                0x00017104                __call_exitprocs
 .text          0x000172b4       0xa4 c:/altera/13.0sp1/nios2eds/bin/gnu/h-i686-mingw32/bin/../lib/gcc/nios2-elf/4.1.2\libgcc.a(_fixunsdfsi.o)
                0x000172b4                __fixunsdfsi
 .text          0x00017358       0x6c ../Ascensor_bsp/\libucosii_bsp.a(alt_exit.o)
                0x00017398                _exit
 *(.gnu.warning.*)
 *(.fini)
                0x000173c4                PROVIDE (__etext, ABSOLUTE (.))
                0x000173c4                PROVIDE (_etext, ABSOLUTE (.))
                0x000173c4                PROVIDE (etext, ABSOLUTE (.))
 *(.eh_frame_hdr)
                0x000173c4                . = ALIGN (0x4)
                0x000173c4                PROVIDE (__preinit_array_start, ABSOLUTE (.))
 *(.preinit_array)
                0x000173c4                PROVIDE (__preinit_array_end, ABSOLUTE (.))
                0x000173c4                PROVIDE (__init_array_start, ABSOLUTE (.))
 *(.init_array)
                0x000173c4                PROVIDE (__init_array_end, ABSOLUTE (.))
                0x000173c4                PROVIDE (__fini_array_start, ABSOLUTE (.))
 *(.fini_array)
                0x000173c4                PROVIDE (__fini_array_end, ABSOLUTE (.))
 *(.eh_frame)
 *(.gcc_except_table)
 *(.dynamic)
                0x000173c4                PROVIDE (__CTOR_LIST__, ABSOLUTE (.))
 *(.ctors)
 *(SORT(.ctors.*))
 .ctors.65535   0x000173c4        0x4 c:/altera/13.0sp1/nios2eds/bin/gnu/h-i686-mingw32/bin/../lib/gcc/nios2-elf/4.1.2/../../../../nios2-elf/lib\libc.a(lib_a-__call_atexit.o)
                0x000173c8                PROVIDE (__CTOR_END__, ABSOLUTE (.))
                0x000173c8                PROVIDE (__DTOR_LIST__, ABSOLUTE (.))
 *(.dtors)
 *(SORT(.dtors.*))
                0x000173c8                PROVIDE (__DTOR_END__, ABSOLUTE (.))
 *(.jcr)
                0x000173c8                . = ALIGN (0x4)

.rodata         0x000173c8      0x600
                0x000173c8                PROVIDE (__ram_rodata_start, ABSOLUTE (.))
                0x000173c8                . = ALIGN (0x4)
 *(.rodata .rodata.* .gnu.linkonce.r.*)
 .rodata        0x000173c8      0x12c obj/default/hello_ucosii.o
 .rodata.str1.4
                0x000174f4        0x2 c:/altera/13.0sp1/nios2eds/bin/gnu/h-i686-mingw32/bin/../lib/gcc/nios2-elf/4.1.2/../../../../nios2-elf/lib\libc.a(lib_a-puts.o)
                                  0x4 (size before relaxing)
 *fill*         0x000174f6        0x2 00
 .rodata.str1.4
                0x000174f8       0x5e c:/altera/13.0sp1/nios2eds/bin/gnu/h-i686-mingw32/bin/../lib/gcc/nios2-elf/4.1.2/../../../../nios2-elf/lib\libc.a(lib_a-vfprintf.o)
                                 0x60 (size before relaxing)
 .rodata        0x00017556       0x20 c:/altera/13.0sp1/nios2eds/bin/gnu/h-i686-mingw32/bin/../lib/gcc/nios2-elf/4.1.2/../../../../nios2-elf/lib\libc.a(lib_a-vfprintf.o)
 *fill*         0x00017576        0x2 00
 .rodata.str1.4
                0x00017578       0x10 c:/altera/13.0sp1/nios2eds/bin/gnu/h-i686-mingw32/bin/../lib/gcc/nios2-elf/4.1.2/../../../../nios2-elf/lib\libc.a(lib_a-dtoa.o)
                                 0x14 (size before relaxing)
 .rodata.str1.4
                0x00017588        0x2 c:/altera/13.0sp1/nios2eds/bin/gnu/h-i686-mingw32/bin/../lib/gcc/nios2-elf/4.1.2/../../../../nios2-elf/lib\libc.a(lib_a-impure.o)
                                  0x4 (size before relaxing)
 *fill*         0x0001758a        0x2 00
 .rodata.str1.4
                0x0001758c       0x10 c:/altera/13.0sp1/nios2eds/bin/gnu/h-i686-mingw32/bin/../lib/gcc/nios2-elf/4.1.2/../../../../nios2-elf/lib\libc.a(lib_a-locale.o)
                                 0x18 (size before relaxing)
 .rodata        0x0001759c       0x30 c:/altera/13.0sp1/nios2eds/bin/gnu/h-i686-mingw32/bin/../lib/gcc/nios2-elf/4.1.2/../../../../nios2-elf/lib\libc.a(lib_a-locale.o)
 .rodata        0x000175cc      0x124 c:/altera/13.0sp1/nios2eds/bin/gnu/h-i686-mingw32/bin/../lib/gcc/nios2-elf/4.1.2/../../../../nios2-elf/lib\libc.a(lib_a-mprec.o)
                0x000175cc                __mprec_tens
                0x00017694                __mprec_bigtens
                0x000176bc                __mprec_tinytens
 .rodata        0x000176f0       0x14 c:/altera/13.0sp1/nios2eds/bin/gnu/h-i686-mingw32/bin/../lib/gcc/nios2-elf/4.1.2\libgcc.a(_thenan_df.o)
                0x000176f0                __thenan_df
 .rodata        0x00017704      0x100 c:/altera/13.0sp1/nios2eds/bin/gnu/h-i686-mingw32/bin/../lib/gcc/nios2-elf/4.1.2\libgcc.a(_clz.o)
                0x00017704                __clz_tab
 .rodata        0x00017804        0xc ../Ascensor_bsp/\libucosii_bsp.a(alt_dev.o)
 .rodata        0x00017810       0x10 ../Ascensor_bsp/\libucosii_bsp.a(alt_main.o)
 .rodata        0x00017820      0x120 ../Ascensor_bsp/\libucosii_bsp.a(os_core.o)
                0x00017820                OSUnMapTbl
 .rodata        0x00017940       0x84 ../Ascensor_bsp/\libucosii_bsp.a(alt_sys_init.o)
 .rodata        0x000179c4        0x4 ../Ascensor_bsp/\libucosii_bsp.a(os_cpu_c.o)
 *(.rodata1)
                0x000179c8                . = ALIGN (0x4)
                0x000179c8                PROVIDE (__ram_rodata_end, ABSOLUTE (.))
                0x000173c8                PROVIDE (__flash_rodata_start, LOADADDR (.rodata))

.rwdata         0x000179c8     0x1c1c load address 0x000195e4
                0x000179c8                PROVIDE (__ram_rwdata_start, ABSOLUTE (.))
                0x000179c8                . = ALIGN (0x4)
 *(.got.plt)
 *(.got)
 *(.data1)
 *(.data .data.* .gnu.linkonce.d.*)
 .data          0x000179c8        0x0 ../Ascensor_bsp//obj/HAL/src/crt0.o
 .data          0x000179c8        0x0 obj/default/hello_ucosii.o
 .data          0x000179c8        0x0 c:/altera/13.0sp1/nios2eds/bin/gnu/h-i686-mingw32/bin/../lib/gcc/nios2-elf/4.1.2/../../../../nios2-elf/lib\libc.a(lib_a-printf.o)
 .data          0x000179c8        0x0 c:/altera/13.0sp1/nios2eds/bin/gnu/h-i686-mingw32/bin/../lib/gcc/nios2-elf/4.1.2/../../../../nios2-elf/lib\libc.a(lib_a-puts.o)
 .data          0x000179c8        0x0 c:/altera/13.0sp1/nios2eds/bin/gnu/h-i686-mingw32/bin/../lib/gcc/nios2-elf/4.1.2/../../../../nios2-elf/lib\libc.a(lib_a-sprintf.o)
 .data          0x000179c8        0x0 c:/altera/13.0sp1/nios2eds/bin/gnu/h-i686-mingw32/bin/../lib/gcc/nios2-elf/4.1.2/../../../../nios2-elf/lib\libc.a(lib_a-strlen.o)
 .data          0x000179c8        0x0 c:/altera/13.0sp1/nios2eds/bin/gnu/h-i686-mingw32/bin/../lib/gcc/nios2-elf/4.1.2/../../../../nios2-elf/lib\libc.a(lib_a-vfprintf.o)
 .data          0x000179c8        0x0 c:/altera/13.0sp1/nios2eds/bin/gnu/h-i686-mingw32/bin/../lib/gcc/nios2-elf/4.1.2/../../../../nios2-elf/lib\libc.a(lib_a-wsetup.o)
 .data          0x000179c8        0x0 c:/altera/13.0sp1/nios2eds/bin/gnu/h-i686-mingw32/bin/../lib/gcc/nios2-elf/4.1.2/../../../../nios2-elf/lib\libc.a(lib_a-dtoa.o)
 .data          0x000179c8        0x0 c:/altera/13.0sp1/nios2eds/bin/gnu/h-i686-mingw32/bin/../lib/gcc/nios2-elf/4.1.2/../../../../nios2-elf/lib\libc.a(lib_a-fflush.o)
 .data          0x000179c8        0x0 c:/altera/13.0sp1/nios2eds/bin/gnu/h-i686-mingw32/bin/../lib/gcc/nios2-elf/4.1.2/../../../../nios2-elf/lib\libc.a(lib_a-findfp.o)
 .data          0x000179c8        0x0 c:/altera/13.0sp1/nios2eds/bin/gnu/h-i686-mingw32/bin/../lib/gcc/nios2-elf/4.1.2/../../../../nios2-elf/lib\libc.a(lib_a-freer.o)
 .data          0x000179c8        0x0 c:/altera/13.0sp1/nios2eds/bin/gnu/h-i686-mingw32/bin/../lib/gcc/nios2-elf/4.1.2/../../../../nios2-elf/lib\libc.a(lib_a-fvwrite.o)
 .data          0x000179c8        0x0 c:/altera/13.0sp1/nios2eds/bin/gnu/h-i686-mingw32/bin/../lib/gcc/nios2-elf/4.1.2/../../../../nios2-elf/lib\libc.a(lib_a-fwalk.o)
 .data          0x000179c8      0x400 c:/altera/13.0sp1/nios2eds/bin/gnu/h-i686-mingw32/bin/../lib/gcc/nios2-elf/4.1.2/../../../../nios2-elf/lib\libc.a(lib_a-impure.o)
 .data          0x00017dc8        0xc c:/altera/13.0sp1/nios2eds/bin/gnu/h-i686-mingw32/bin/../lib/gcc/nios2-elf/4.1.2/../../../../nios2-elf/lib\libc.a(lib_a-locale.o)
                0x00017dc8                __lc_ctype
 .data          0x00017dd4        0x0 c:/altera/13.0sp1/nios2eds/bin/gnu/h-i686-mingw32/bin/../lib/gcc/nios2-elf/4.1.2/../../../../nios2-elf/lib\libc.a(lib_a-makebuf.o)
 .data          0x00017dd4      0x408 c:/altera/13.0sp1/nios2eds/bin/gnu/h-i686-mingw32/bin/../lib/gcc/nios2-elf/4.1.2/../../../../nios2-elf/lib\libc.a(lib_a-mallocr.o)
                0x00017dd4                __malloc_av_
 .data          0x000181dc        0x0 c:/altera/13.0sp1/nios2eds/bin/gnu/h-i686-mingw32/bin/../lib/gcc/nios2-elf/4.1.2/../../../../nios2-elf/lib\libc.a(lib_a-memchr.o)
 .data          0x000181dc        0x0 c:/altera/13.0sp1/nios2eds/bin/gnu/h-i686-mingw32/bin/../lib/gcc/nios2-elf/4.1.2/../../../../nios2-elf/lib\libc.a(lib_a-memcpy.o)
 .data          0x000181dc        0x0 c:/altera/13.0sp1/nios2eds/bin/gnu/h-i686-mingw32/bin/../lib/gcc/nios2-elf/4.1.2/../../../../nios2-elf/lib\libc.a(lib_a-memmove.o)
 .data          0x000181dc        0x0 c:/altera/13.0sp1/nios2eds/bin/gnu/h-i686-mingw32/bin/../lib/gcc/nios2-elf/4.1.2/../../../../nios2-elf/lib\libc.a(lib_a-memset.o)
 .data          0x000181dc        0x0 c:/altera/13.0sp1/nios2eds/bin/gnu/h-i686-mingw32/bin/../lib/gcc/nios2-elf/4.1.2/../../../../nios2-elf/lib\libc.a(lib_a-mprec.o)
 .data          0x000181dc        0x0 c:/altera/13.0sp1/nios2eds/bin/gnu/h-i686-mingw32/bin/../lib/gcc/nios2-elf/4.1.2/../../../../nios2-elf/lib\libc.a(lib_a-reallocr.o)
 .data          0x000181dc        0x0 c:/altera/13.0sp1/nios2eds/bin/gnu/h-i686-mingw32/bin/../lib/gcc/nios2-elf/4.1.2/../../../../nios2-elf/lib\libc.a(lib_a-s_isinfd.o)
 .data          0x000181dc        0x0 c:/altera/13.0sp1/nios2eds/bin/gnu/h-i686-mingw32/bin/../lib/gcc/nios2-elf/4.1.2/../../../../nios2-elf/lib\libc.a(lib_a-s_isnand.o)
 .data          0x000181dc        0x0 c:/altera/13.0sp1/nios2eds/bin/gnu/h-i686-mingw32/bin/../lib/gcc/nios2-elf/4.1.2/../../../../nios2-elf/lib\libc.a(lib_a-sbrkr.o)
 .data          0x000181dc        0x0 c:/altera/13.0sp1/nios2eds/bin/gnu/h-i686-mingw32/bin/../lib/gcc/nios2-elf/4.1.2/../../../../nios2-elf/lib\libc.a(lib_a-stdio.o)
 .data          0x000181dc        0x0 c:/altera/13.0sp1/nios2eds/bin/gnu/h-i686-mingw32/bin/../lib/gcc/nios2-elf/4.1.2/../../../../nios2-elf/lib\libc.a(lib_a-strcmp.o)
 .data          0x000181dc        0x0 c:/altera/13.0sp1/nios2eds/bin/gnu/h-i686-mingw32/bin/../lib/gcc/nios2-elf/4.1.2/../../../../nios2-elf/lib\libc.a(lib_a-writer.o)
 .data          0x000181dc        0x0 c:/altera/13.0sp1/nios2eds/bin/gnu/h-i686-mingw32/bin/../lib/gcc/nios2-elf/4.1.2/../../../../nios2-elf/lib\libc.a(lib_a-callocr.o)
 .data          0x000181dc        0x0 c:/altera/13.0sp1/nios2eds/bin/gnu/h-i686-mingw32/bin/../lib/gcc/nios2-elf/4.1.2/../../../../nios2-elf/lib\libc.a(lib_a-closer.o)
 .data          0x000181dc        0x0 c:/altera/13.0sp1/nios2eds/bin/gnu/h-i686-mingw32/bin/../lib/gcc/nios2-elf/4.1.2/../../../../nios2-elf/lib\libc.a(lib_a-fclose.o)
 .data          0x000181dc        0x0 c:/altera/13.0sp1/nios2eds/bin/gnu/h-i686-mingw32/bin/../lib/gcc/nios2-elf/4.1.2/../../../../nios2-elf/lib\libc.a(lib_a-fstatr.o)
 .data          0x000181dc        0x0 c:/altera/13.0sp1/nios2eds/bin/gnu/h-i686-mingw32/bin/../lib/gcc/nios2-elf/4.1.2/../../../../nios2-elf/lib\libc.a(lib_a-int_errno.o)
 .data          0x000181dc        0x0 c:/altera/13.0sp1/nios2eds/bin/gnu/h-i686-mingw32/bin/../lib/gcc/nios2-elf/4.1.2/../../../../nios2-elf/lib\libc.a(lib_a-isattyr.o)
 .data          0x000181dc        0x0 c:/altera/13.0sp1/nios2eds/bin/gnu/h-i686-mingw32/bin/../lib/gcc/nios2-elf/4.1.2/../../../../nios2-elf/lib\libc.a(lib_a-lseekr.o)
 .data          0x000181dc        0x0 c:/altera/13.0sp1/nios2eds/bin/gnu/h-i686-mingw32/bin/../lib/gcc/nios2-elf/4.1.2/../../../../nios2-elf/lib\libc.a(lib_a-readr.o)
 .data          0x000181dc        0x0 c:/altera/13.0sp1/nios2eds/bin/gnu/h-i686-mingw32/bin/../lib/gcc/nios2-elf/4.1.2\libgcc.a(_udivdi3.o)
 .data          0x000181dc        0x0 c:/altera/13.0sp1/nios2eds/bin/gnu/h-i686-mingw32/bin/../lib/gcc/nios2-elf/4.1.2\libgcc.a(_umoddi3.o)
 .data          0x000181dc        0x0 c:/altera/13.0sp1/nios2eds/bin/gnu/h-i686-mingw32/bin/../lib/gcc/nios2-elf/4.1.2\libgcc.a(_addsub_df.o)
 .data          0x000181dc        0x0 c:/altera/13.0sp1/nios2eds/bin/gnu/h-i686-mingw32/bin/../lib/gcc/nios2-elf/4.1.2\libgcc.a(_mul_df.o)
 .data          0x000181dc        0x0 c:/altera/13.0sp1/nios2eds/bin/gnu/h-i686-mingw32/bin/../lib/gcc/nios2-elf/4.1.2\libgcc.a(_div_df.o)
 .data          0x000181dc        0x0 c:/altera/13.0sp1/nios2eds/bin/gnu/h-i686-mingw32/bin/../lib/gcc/nios2-elf/4.1.2\libgcc.a(_eq_df.o)
 .data          0x000181dc        0x0 c:/altera/13.0sp1/nios2eds/bin/gnu/h-i686-mingw32/bin/../lib/gcc/nios2-elf/4.1.2\libgcc.a(_ne_df.o)
 .data          0x000181dc        0x0 c:/altera/13.0sp1/nios2eds/bin/gnu/h-i686-mingw32/bin/../lib/gcc/nios2-elf/4.1.2\libgcc.a(_gt_df.o)
 .data          0x000181dc        0x0 c:/altera/13.0sp1/nios2eds/bin/gnu/h-i686-mingw32/bin/../lib/gcc/nios2-elf/4.1.2\libgcc.a(_ge_df.o)
 .data          0x000181dc        0x0 c:/altera/13.0sp1/nios2eds/bin/gnu/h-i686-mingw32/bin/../lib/gcc/nios2-elf/4.1.2\libgcc.a(_lt_df.o)
 .data          0x000181dc        0x0 c:/altera/13.0sp1/nios2eds/bin/gnu/h-i686-mingw32/bin/../lib/gcc/nios2-elf/4.1.2\libgcc.a(_si_to_df.o)
 .data          0x000181dc        0x0 c:/altera/13.0sp1/nios2eds/bin/gnu/h-i686-mingw32/bin/../lib/gcc/nios2-elf/4.1.2\libgcc.a(_df_to_si.o)
 .data          0x000181dc        0x0 c:/altera/13.0sp1/nios2eds/bin/gnu/h-i686-mingw32/bin/../lib/gcc/nios2-elf/4.1.2\libgcc.a(_thenan_df.o)
 .data          0x000181dc        0x0 c:/altera/13.0sp1/nios2eds/bin/gnu/h-i686-mingw32/bin/../lib/gcc/nios2-elf/4.1.2\libgcc.a(_usi_to_df.o)
 .data          0x000181dc        0x0 c:/altera/13.0sp1/nios2eds/bin/gnu/h-i686-mingw32/bin/../lib/gcc/nios2-elf/4.1.2\libgcc.a(lib2-divmod.o)
 .data          0x000181dc        0x0 c:/altera/13.0sp1/nios2eds/bin/gnu/h-i686-mingw32/bin/../lib/gcc/nios2-elf/4.1.2\libgcc.a(_muldi3.o)
 .data          0x000181dc        0x0 c:/altera/13.0sp1/nios2eds/bin/gnu/h-i686-mingw32/bin/../lib/gcc/nios2-elf/4.1.2\libgcc.a(_clz.o)
 .data          0x000181dc        0x0 c:/altera/13.0sp1/nios2eds/bin/gnu/h-i686-mingw32/bin/../lib/gcc/nios2-elf/4.1.2\libgcc.a(_clzsi2.o)
 .data          0x000181dc        0x0 c:/altera/13.0sp1/nios2eds/bin/gnu/h-i686-mingw32/bin/../lib/gcc/nios2-elf/4.1.2\libgcc.a(_pack_df.o)
 .data          0x000181dc        0x0 c:/altera/13.0sp1/nios2eds/bin/gnu/h-i686-mingw32/bin/../lib/gcc/nios2-elf/4.1.2\libgcc.a(_unpack_df.o)
 .data          0x000181dc        0x0 c:/altera/13.0sp1/nios2eds/bin/gnu/h-i686-mingw32/bin/../lib/gcc/nios2-elf/4.1.2\libgcc.a(_fpcmp_parts_df.o)
 .data          0x000181dc        0x0 ../Ascensor_bsp/\libucosii_bsp.a(alt_close.o)
 .data          0x000181dc      0x1a8 ../Ascensor_bsp/\libucosii_bsp.a(alt_dev.o)
                0x000181dc                alt_dev_null
                0x00018204                alt_fd_list
 .data          0x00018384        0x0 ../Ascensor_bsp/\libucosii_bsp.a(alt_errno.o)
 .data          0x00018384        0x0 ../Ascensor_bsp/\libucosii_bsp.a(alt_fstat.o)
 .data          0x00018384        0x0 ../Ascensor_bsp/\libucosii_bsp.a(alt_irq_register.o)
 .data          0x00018384        0x0 ../Ascensor_bsp/\libucosii_bsp.a(alt_irq_vars.o)
 .data          0x00018384        0x0 ../Ascensor_bsp/\libucosii_bsp.a(alt_isatty.o)
 .data          0x00018384        0x0 ../Ascensor_bsp/\libucosii_bsp.a(alt_load.o)
 .data          0x00018384        0x0 ../Ascensor_bsp/\libucosii_bsp.a(alt_lseek.o)
 .data          0x00018384        0x0 ../Ascensor_bsp/\libucosii_bsp.a(alt_main.o)
 .data          0x00018384        0x0 ../Ascensor_bsp/\libucosii_bsp.a(alt_read.o)
 .data          0x00018384        0x0 ../Ascensor_bsp/\libucosii_bsp.a(alt_release_fd.o)
 .data          0x00018384        0x0 ../Ascensor_bsp/\libucosii_bsp.a(alt_sbrk.o)
 .data          0x00018384        0x0 ../Ascensor_bsp/\libucosii_bsp.a(alt_write.o)
 .data          0x00018384        0x0 ../Ascensor_bsp/\libucosii_bsp.a(alt_env_lock.o)
 .data          0x00018384        0x0 ../Ascensor_bsp/\libucosii_bsp.a(alt_malloc_lock.o)
 .data          0x00018384        0x0 ../Ascensor_bsp/\libucosii_bsp.a(os_core.o)
 .data          0x00018384        0x0 ../Ascensor_bsp/\libucosii_bsp.a(os_dbg.o)
 .data          0x00018384        0x0 ../Ascensor_bsp/\libucosii_bsp.a(os_flag.o)
 .data          0x00018384        0x0 ../Ascensor_bsp/\libucosii_bsp.a(os_mbox.o)
 .data          0x00018384        0x0 ../Ascensor_bsp/\libucosii_bsp.a(os_mem.o)
 .data          0x00018384        0x0 ../Ascensor_bsp/\libucosii_bsp.a(os_q.o)
 .data          0x00018384        0x0 ../Ascensor_bsp/\libucosii_bsp.a(os_sem.o)
 .data          0x00018384        0x0 ../Ascensor_bsp/\libucosii_bsp.a(os_task.o)
 .data          0x00018384        0x0 ../Ascensor_bsp/\libucosii_bsp.a(os_time.o)
 .data          0x00018384     0x11a0 ../Ascensor_bsp/\libucosii_bsp.a(alt_sys_init.o)
 .data          0x00019524        0x0 ../Ascensor_bsp/\libucosii_bsp.a(altera_avalon_jtag_uart_fd.o)
 .data          0x00019524        0x0 ../Ascensor_bsp/\libucosii_bsp.a(altera_avalon_jtag_uart_init.o)
 .data          0x00019524        0x0 ../Ascensor_bsp/\libucosii_bsp.a(altera_avalon_jtag_uart_ioctl.o)
 .data          0x00019524        0x0 ../Ascensor_bsp/\libucosii_bsp.a(altera_avalon_jtag_uart_read.o)
 .data          0x00019524        0x0 ../Ascensor_bsp/\libucosii_bsp.a(altera_avalon_jtag_uart_write.o)
 .data          0x00019524        0x0 ../Ascensor_bsp/\libucosii_bsp.a(altera_avalon_timer_sc.o)
 .data          0x00019524        0x0 ../Ascensor_bsp/\libucosii_bsp.a(altera_up_avalon_character_lcd.o)
 .data          0x00019524        0x0 ../Ascensor_bsp/\libucosii_bsp.a(alt_alarm_start.o)
 .data          0x00019524        0x0 ../Ascensor_bsp/\libucosii_bsp.a(alt_dcache_flush_all.o)
 .data          0x00019524        0x0 ../Ascensor_bsp/\libucosii_bsp.a(alt_dev_llist_insert.o)
 .data          0x00019524        0x0 ../Ascensor_bsp/\libucosii_bsp.a(alt_do_ctors.o)
 .data          0x00019524        0x0 ../Ascensor_bsp/\libucosii_bsp.a(alt_do_dtors.o)
 .data          0x00019524        0x0 ../Ascensor_bsp/\libucosii_bsp.a(alt_find_dev.o)
 .data          0x00019524        0x0 ../Ascensor_bsp/\libucosii_bsp.a(alt_icache_flush_all.o)
 .data          0x00019524        0x0 ../Ascensor_bsp/\libucosii_bsp.a(alt_io_redirect.o)
 .data          0x00019524        0x0 ../Ascensor_bsp/\libucosii_bsp.a(alt_irq_entry.o)
 .data          0x00019524        0x0 ../Ascensor_bsp/\libucosii_bsp.a(alt_irq_handler.o)
 .data          0x00019524        0x0 ../Ascensor_bsp/\libucosii_bsp.a(alt_open.o)
 .data          0x00019524        0x0 ../Ascensor_bsp/\libucosii_bsp.a(alt_tick.o)
 .data          0x00019524        0x0 ../Ascensor_bsp/\libucosii_bsp.a(altera_nios2_qsys_irq.o)
 .data          0x00019524        0x0 ../Ascensor_bsp/\libucosii_bsp.a(os_cpu_a.o)
 .data          0x00019524        0x0 ../Ascensor_bsp/\libucosii_bsp.a(os_cpu_c.o)
 .data          0x00019524        0x0 ../Ascensor_bsp/\libucosii_bsp.a(alt_exception_entry.o)
 .data          0x00019524        0x0 ../Ascensor_bsp/\libucosii_bsp.a(alt_find_file.o)
 .data          0x00019524        0x0 ../Ascensor_bsp/\libucosii_bsp.a(alt_get_fd.o)
 .data          0x00019524        0x0 ../Ascensor_bsp/\libucosii_bsp.a(alt_icache_flush.o)
 .data          0x00019524        0x0 c:/altera/13.0sp1/nios2eds/bin/gnu/h-i686-mingw32/bin/../lib/gcc/nios2-elf/4.1.2/../../../../nios2-elf/lib\libc.a(lib_a-atexit.o)
 .data          0x00019524        0x0 c:/altera/13.0sp1/nios2eds/bin/gnu/h-i686-mingw32/bin/../lib/gcc/nios2-elf/4.1.2/../../../../nios2-elf/lib\libc.a(lib_a-exit.o)
 .data          0x00019524        0x0 c:/altera/13.0sp1/nios2eds/bin/gnu/h-i686-mingw32/bin/../lib/gcc/nios2-elf/4.1.2/../../../../nios2-elf/lib\libc.a(lib_a-memcmp.o)
 .data          0x00019524        0x0 c:/altera/13.0sp1/nios2eds/bin/gnu/h-i686-mingw32/bin/../lib/gcc/nios2-elf/4.1.2/../../../../nios2-elf/lib\libc.a(lib_a-__atexit.o)
 .data          0x00019524        0x0 c:/altera/13.0sp1/nios2eds/bin/gnu/h-i686-mingw32/bin/../lib/gcc/nios2-elf/4.1.2/../../../../nios2-elf/lib\libc.a(lib_a-__call_atexit.o)
 .data          0x00019524        0x0 c:/altera/13.0sp1/nios2eds/bin/gnu/h-i686-mingw32/bin/../lib/gcc/nios2-elf/4.1.2\libgcc.a(_fixunsdfsi.o)
 .data          0x00019524        0x0 ../Ascensor_bsp/\libucosii_bsp.a(alt_exit.o)
                0x00021524                _gp = ABSOLUTE ((. + 0x8000))
                0x00021524                PROVIDE (gp, _gp)
 *(.rwdata .rwdata.*)
 *(.sdata .sdata.* .gnu.linkonce.s.*)
 .sdata         0x00019524        0x4 obj/default/hello_ucosii.o
                0x00019524                KEY_ptr
 .sdata         0x00019528        0x8 c:/altera/13.0sp1/nios2eds/bin/gnu/h-i686-mingw32/bin/../lib/gcc/nios2-elf/4.1.2/../../../../nios2-elf/lib\libc.a(lib_a-impure.o)
                0x00019528                _impure_ptr
                0x0001952c                _global_impure_ptr
 .sdata         0x00019530        0x8 c:/altera/13.0sp1/nios2eds/bin/gnu/h-i686-mingw32/bin/../lib/gcc/nios2-elf/4.1.2/../../../../nios2-elf/lib\libc.a(lib_a-locale.o)
                0x00019530                __mb_cur_max
 .sdata         0x00019538        0x8 c:/altera/13.0sp1/nios2eds/bin/gnu/h-i686-mingw32/bin/../lib/gcc/nios2-elf/4.1.2/../../../../nios2-elf/lib\libc.a(lib_a-mallocr.o)
                0x00019538                __malloc_trim_threshold
                0x0001953c                __malloc_sbrk_base
 .sdata         0x00019540       0x14 ../Ascensor_bsp/\libucosii_bsp.a(alt_dev.o)
                0x00019540                alt_fs_list
                0x00019548                alt_dev_list
                0x00019550                alt_max_fd
 .sdata         0x00019554        0x4 ../Ascensor_bsp/\libucosii_bsp.a(alt_errno.o)
                0x00019554                alt_errno
 .sdata         0x00019558        0x4 ../Ascensor_bsp/\libucosii_bsp.a(alt_irq_vars.o)
                0x00019558                alt_priority_mask
 .sdata         0x0001955c        0x4 ../Ascensor_bsp/\libucosii_bsp.a(alt_sbrk.o)
 .sdata         0x00019560        0x4 ../Ascensor_bsp/\libucosii_bsp.a(alt_env_lock.o)
 .sdata         0x00019564        0x4 ../Ascensor_bsp/\libucosii_bsp.a(alt_malloc_lock.o)
 .sdata         0x00019568       0x74 ../Ascensor_bsp/\libucosii_bsp.a(os_dbg.o)
                0x00019568                OSDebugEn
                0x0001956c                OSEndiannessTest
                0x00019570                OSEventEn
                0x00019572                OSEventMax
                0x00019574                OSEventNameSize
                0x00019576                OSEventSize
                0x00019578                OSEventTblSize
                0x0001957a                OSEventMultiEn
                0x0001957c                OSFlagEn
                0x0001957e                OSFlagGrpSize
                0x00019580                OSFlagNodeSize
                0x00019582                OSFlagWidth
                0x00019584                OSFlagMax
                0x00019586                OSFlagNameSize
                0x00019588                OSLowestPrio
                0x0001958a                OSMboxEn
                0x0001958c                OSMemEn
                0x0001958e                OSMemMax
                0x00019590                OSMemNameSize
                0x00019592                OSMemSize
                0x00019594                OSMemTblSize
                0x00019596                OSMutexEn
                0x00019598                OSPtrSize
                0x0001959a                OSQEn
                0x0001959c                OSQMax
                0x0001959e                OSQSize
                0x000195a0                OSRdyTblSize
                0x000195a2                OSSemEn
                0x000195a4                OSStkWidth
                0x000195a6                OSTaskCreateEn
                0x000195a8                OSTaskCreateExtEn
                0x000195aa                OSTaskDelEn
                0x000195ac                OSTaskIdleStkSize
                0x000195ae                OSTaskProfileEn
                0x000195b0                OSTaskMax
                0x000195b2                OSTaskNameSize
                0x000195b4                OSTaskStatEn
                0x000195b6                OSTaskStatStkSize
                0x000195b8                OSTaskStatStkChkEn
                0x000195ba                OSTaskSwHookEn
                0x000195bc                OSTCBPrioTblMax
                0x000195be                OSTCBSize
                0x000195c0                OSTicksPerSec
                0x000195c2                OSTimeTickHookEn
                0x000195c4                OSVersionNbr
                0x000195c6                OSTmrEn
                0x000195c8                OSTmrCfgMax
                0x000195ca                OSTmrCfgNameSize
                0x000195cc                OSTmrCfgWheelSize
                0x000195ce                OSTmrCfgTicksPerSec
                0x000195d0                OSTmrSize
                0x000195d2                OSTmrTblSize
                0x000195d4                OSTmrWheelSize
                0x000195d6                OSTmrWheelTblSize
                0x000195d8                OSDataSize
 .sdata         0x000195dc        0x8 ../Ascensor_bsp/\libucosii_bsp.a(alt_tick.o)
                0x000195dc                alt_alarm_list
 *(.sdata2 .sdata2.* .gnu.linkonce.s2.*)
                0x000195e4                . = ALIGN (0x4)
                0x000195e4                _edata = ABSOLUTE (.)
                0x000195e4                PROVIDE (edata, ABSOLUTE (.))
                0x000195e4                PROVIDE (__ram_rwdata_end, ABSOLUTE (.))
                0x000195e4                PROVIDE (__flash_rwdata_start, LOADADDR (.rwdata))

.bss            0x0001b200    0x175a8
                0x0001b200                __bss_start = ABSOLUTE (.)
                0x0001b200                PROVIDE (__sbss_start, ABSOLUTE (.))
                0x0001b200                PROVIDE (___sbss_start, ABSOLUTE (.))
 *(.dynsbss)
 *(.sbss .sbss.* .gnu.linkonce.sb.*)
 .sbss          0x0001b200       0x34 obj/default/hello_ucosii.o
                0x0001b200                mbacciones_seguridad
                0x0001b204                mbllamadas_control
                0x0001b208                mbllamadas_visualizacion
                0x0001b20c                mbsensorpuerta_seguridad
                0x0001b210                mbsensorplanta_seguridad
                0x0001b214                mbposicion_visualizacion
                0x0001b218                mbposicion_control
                0x0001b21c                key_pressed
                0x0001b220                mbacciones_visualizacion
                0x0001b224                mbacciones_cabina
                0x0001b228                mbperturbacion_seguridad
                0x0001b22c                smSeguridad
                0x0001b230                mbposicion_seguridad
 .sbss          0x0001b234        0xc c:/altera/13.0sp1/nios2eds/bin/gnu/h-i686-mingw32/bin/../lib/gcc/nios2-elf/4.1.2/../../../../nios2-elf/lib\libc.a(lib_a-locale.o)
                0x0001b234                __nlocale_changed
                0x0001b238                __mlocale_changed
                0x0001b23c                _PathLocale
 .sbss          0x0001b240        0xc c:/altera/13.0sp1/nios2eds/bin/gnu/h-i686-mingw32/bin/../lib/gcc/nios2-elf/4.1.2/../../../../nios2-elf/lib\libc.a(lib_a-mallocr.o)
                0x0001b240                __malloc_top_pad
                0x0001b244                __malloc_max_sbrked_mem
                0x0001b248                __malloc_max_total_mem
 .sbss          0x0001b24c        0x4 c:/altera/13.0sp1/nios2eds/bin/gnu/h-i686-mingw32/bin/../lib/gcc/nios2-elf/4.1.2/../../../../nios2-elf/lib\libc.a(lib_a-int_errno.o)
                0x0001b24c                errno
 .sbss          0x0001b250        0x4 ../Ascensor_bsp/\libucosii_bsp.a(alt_dev.o)
                0x0001b250                alt_fd_list_lock
 .sbss          0x0001b254        0x4 ../Ascensor_bsp/\libucosii_bsp.a(alt_irq_vars.o)
                0x0001b254                alt_irq_active
 .sbss          0x0001b258        0xc ../Ascensor_bsp/\libucosii_bsp.a(alt_main.o)
                0x0001b258                alt_argc
                0x0001b25c                alt_argv
                0x0001b260                alt_envp
 .sbss          0x0001b264        0x8 ../Ascensor_bsp/\libucosii_bsp.a(alt_env_lock.o)
                0x0001b268                alt_envsem
 .sbss          0x0001b26c        0x8 ../Ascensor_bsp/\libucosii_bsp.a(alt_malloc_lock.o)
                0x0001b270                alt_heapsem
 .sbss          0x0001b274       0x50 ../Ascensor_bsp/\libucosii_bsp.a(os_core.o)
                0x0001b274                OSLockNesting
                0x0001b275                OSRunning
                0x0001b278                OSIdleCtr
                0x0001b27c                OSPrioHighRdy
                0x0001b27d                OSPrioCur
                0x0001b280                OSTCBList
                0x0001b284                OSTickStepState
                0x0001b288                OSCtxSwCtr
                0x0001b28c                OSIdleCtrMax
                0x0001b290                OSTCBFreeList
                0x0001b294                OSCPUUsage
                0x0001b295                OSTaskCtr
                0x0001b298                OSMemFreeList
                0x0001b29c                OSTCBHighRdy
                0x0001b2a0                OSQFreeList
                0x0001b2a4                OSRdyGrp
                0x0001b2a5                OSRdyTbl
                0x0001b2a8                OSEventFreeList
                0x0001b2ac                OSIntNesting
                0x0001b2b0                OSTCBCur
                0x0001b2b4                OSTime
                0x0001b2b8                OSFlagFreeList
                0x0001b2bc                OSStatRdy
                0x0001b2c0                OSIdleCtrRun
 .sbss          0x0001b2c4        0x8 ../Ascensor_bsp/\libucosii_bsp.a(alt_tick.o)
                0x0001b2c4                _alt_tick_rate
                0x0001b2c8                _alt_nticks
 *(.sbss2 .sbss2.* .gnu.linkonce.sb2.*)
 *(.scommon)
                0x0001b2cc                PROVIDE (__sbss_end, ABSOLUTE (.))
                0x0001b2cc                PROVIDE (___sbss_end, ABSOLUTE (.))
 *(.dynbss)
 *(.bss .bss.* .gnu.linkonce.b.*)
 .bss           0x0001b2cc        0x0 ../Ascensor_bsp//obj/HAL/src/crt0.o
 .bss           0x0001b2cc        0x0 obj/default/hello_ucosii.o
 .bss           0x0001b2cc        0x0 c:/altera/13.0sp1/nios2eds/bin/gnu/h-i686-mingw32/bin/../lib/gcc/nios2-elf/4.1.2/../../../../nios2-elf/lib\libc.a(lib_a-printf.o)
 .bss           0x0001b2cc        0x0 c:/altera/13.0sp1/nios2eds/bin/gnu/h-i686-mingw32/bin/../lib/gcc/nios2-elf/4.1.2/../../../../nios2-elf/lib\libc.a(lib_a-puts.o)
 .bss           0x0001b2cc        0x0 c:/altera/13.0sp1/nios2eds/bin/gnu/h-i686-mingw32/bin/../lib/gcc/nios2-elf/4.1.2/../../../../nios2-elf/lib\libc.a(lib_a-sprintf.o)
 .bss           0x0001b2cc        0x0 c:/altera/13.0sp1/nios2eds/bin/gnu/h-i686-mingw32/bin/../lib/gcc/nios2-elf/4.1.2/../../../../nios2-elf/lib\libc.a(lib_a-strlen.o)
 .bss           0x0001b2cc        0x0 c:/altera/13.0sp1/nios2eds/bin/gnu/h-i686-mingw32/bin/../lib/gcc/nios2-elf/4.1.2/../../../../nios2-elf/lib\libc.a(lib_a-vfprintf.o)
 .bss           0x0001b2cc        0x0 c:/altera/13.0sp1/nios2eds/bin/gnu/h-i686-mingw32/bin/../lib/gcc/nios2-elf/4.1.2/../../../../nios2-elf/lib\libc.a(lib_a-wsetup.o)
 .bss           0x0001b2cc        0x0 c:/altera/13.0sp1/nios2eds/bin/gnu/h-i686-mingw32/bin/../lib/gcc/nios2-elf/4.1.2/../../../../nios2-elf/lib\libc.a(lib_a-dtoa.o)
 .bss           0x0001b2cc        0x0 c:/altera/13.0sp1/nios2eds/bin/gnu/h-i686-mingw32/bin/../lib/gcc/nios2-elf/4.1.2/../../../../nios2-elf/lib\libc.a(lib_a-fflush.o)
 .bss           0x0001b2cc        0x0 c:/altera/13.0sp1/nios2eds/bin/gnu/h-i686-mingw32/bin/../lib/gcc/nios2-elf/4.1.2/../../../../nios2-elf/lib\libc.a(lib_a-findfp.o)
 .bss           0x0001b2cc        0x0 c:/altera/13.0sp1/nios2eds/bin/gnu/h-i686-mingw32/bin/../lib/gcc/nios2-elf/4.1.2/../../../../nios2-elf/lib\libc.a(lib_a-freer.o)
 .bss           0x0001b2cc        0x0 c:/altera/13.0sp1/nios2eds/bin/gnu/h-i686-mingw32/bin/../lib/gcc/nios2-elf/4.1.2/../../../../nios2-elf/lib\libc.a(lib_a-fvwrite.o)
 .bss           0x0001b2cc        0x0 c:/altera/13.0sp1/nios2eds/bin/gnu/h-i686-mingw32/bin/../lib/gcc/nios2-elf/4.1.2/../../../../nios2-elf/lib\libc.a(lib_a-fwalk.o)
 .bss           0x0001b2cc        0x0 c:/altera/13.0sp1/nios2eds/bin/gnu/h-i686-mingw32/bin/../lib/gcc/nios2-elf/4.1.2/../../../../nios2-elf/lib\libc.a(lib_a-impure.o)
 .bss           0x0001b2cc        0x0 c:/altera/13.0sp1/nios2eds/bin/gnu/h-i686-mingw32/bin/../lib/gcc/nios2-elf/4.1.2/../../../../nios2-elf/lib\libc.a(lib_a-locale.o)
 .bss           0x0001b2cc        0x0 c:/altera/13.0sp1/nios2eds/bin/gnu/h-i686-mingw32/bin/../lib/gcc/nios2-elf/4.1.2/../../../../nios2-elf/lib\libc.a(lib_a-makebuf.o)
 .bss           0x0001b2cc       0x28 c:/altera/13.0sp1/nios2eds/bin/gnu/h-i686-mingw32/bin/../lib/gcc/nios2-elf/4.1.2/../../../../nios2-elf/lib\libc.a(lib_a-mallocr.o)
                0x0001b2cc                __malloc_current_mallinfo
 .bss           0x0001b2f4        0x0 c:/altera/13.0sp1/nios2eds/bin/gnu/h-i686-mingw32/bin/../lib/gcc/nios2-elf/4.1.2/../../../../nios2-elf/lib\libc.a(lib_a-memchr.o)
 .bss           0x0001b2f4        0x0 c:/altera/13.0sp1/nios2eds/bin/gnu/h-i686-mingw32/bin/../lib/gcc/nios2-elf/4.1.2/../../../../nios2-elf/lib\libc.a(lib_a-memcpy.o)
 .bss           0x0001b2f4        0x0 c:/altera/13.0sp1/nios2eds/bin/gnu/h-i686-mingw32/bin/../lib/gcc/nios2-elf/4.1.2/../../../../nios2-elf/lib\libc.a(lib_a-memmove.o)
 .bss           0x0001b2f4        0x0 c:/altera/13.0sp1/nios2eds/bin/gnu/h-i686-mingw32/bin/../lib/gcc/nios2-elf/4.1.2/../../../../nios2-elf/lib\libc.a(lib_a-memset.o)
 .bss           0x0001b2f4        0x0 c:/altera/13.0sp1/nios2eds/bin/gnu/h-i686-mingw32/bin/../lib/gcc/nios2-elf/4.1.2/../../../../nios2-elf/lib\libc.a(lib_a-mprec.o)
 .bss           0x0001b2f4        0x0 c:/altera/13.0sp1/nios2eds/bin/gnu/h-i686-mingw32/bin/../lib/gcc/nios2-elf/4.1.2/../../../../nios2-elf/lib\libc.a(lib_a-reallocr.o)
 .bss           0x0001b2f4        0x0 c:/altera/13.0sp1/nios2eds/bin/gnu/h-i686-mingw32/bin/../lib/gcc/nios2-elf/4.1.2/../../../../nios2-elf/lib\libc.a(lib_a-s_isinfd.o)
 .bss           0x0001b2f4        0x0 c:/altera/13.0sp1/nios2eds/bin/gnu/h-i686-mingw32/bin/../lib/gcc/nios2-elf/4.1.2/../../../../nios2-elf/lib\libc.a(lib_a-s_isnand.o)
 .bss           0x0001b2f4        0x0 c:/altera/13.0sp1/nios2eds/bin/gnu/h-i686-mingw32/bin/../lib/gcc/nios2-elf/4.1.2/../../../../nios2-elf/lib\libc.a(lib_a-sbrkr.o)
 .bss           0x0001b2f4        0x0 c:/altera/13.0sp1/nios2eds/bin/gnu/h-i686-mingw32/bin/../lib/gcc/nios2-elf/4.1.2/../../../../nios2-elf/lib\libc.a(lib_a-stdio.o)
 .bss           0x0001b2f4        0x0 c:/altera/13.0sp1/nios2eds/bin/gnu/h-i686-mingw32/bin/../lib/gcc/nios2-elf/4.1.2/../../../../nios2-elf/lib\libc.a(lib_a-strcmp.o)
 .bss           0x0001b2f4        0x0 c:/altera/13.0sp1/nios2eds/bin/gnu/h-i686-mingw32/bin/../lib/gcc/nios2-elf/4.1.2/../../../../nios2-elf/lib\libc.a(lib_a-writer.o)
 .bss           0x0001b2f4        0x0 c:/altera/13.0sp1/nios2eds/bin/gnu/h-i686-mingw32/bin/../lib/gcc/nios2-elf/4.1.2/../../../../nios2-elf/lib\libc.a(lib_a-callocr.o)
 .bss           0x0001b2f4        0x0 c:/altera/13.0sp1/nios2eds/bin/gnu/h-i686-mingw32/bin/../lib/gcc/nios2-elf/4.1.2/../../../../nios2-elf/lib\libc.a(lib_a-closer.o)
 .bss           0x0001b2f4        0x0 c:/altera/13.0sp1/nios2eds/bin/gnu/h-i686-mingw32/bin/../lib/gcc/nios2-elf/4.1.2/../../../../nios2-elf/lib\libc.a(lib_a-fclose.o)
 .bss           0x0001b2f4        0x0 c:/altera/13.0sp1/nios2eds/bin/gnu/h-i686-mingw32/bin/../lib/gcc/nios2-elf/4.1.2/../../../../nios2-elf/lib\libc.a(lib_a-fstatr.o)
 .bss           0x0001b2f4        0x0 c:/altera/13.0sp1/nios2eds/bin/gnu/h-i686-mingw32/bin/../lib/gcc/nios2-elf/4.1.2/../../../../nios2-elf/lib\libc.a(lib_a-int_errno.o)
 .bss           0x0001b2f4        0x0 c:/altera/13.0sp1/nios2eds/bin/gnu/h-i686-mingw32/bin/../lib/gcc/nios2-elf/4.1.2/../../../../nios2-elf/lib\libc.a(lib_a-isattyr.o)
 .bss           0x0001b2f4        0x0 c:/altera/13.0sp1/nios2eds/bin/gnu/h-i686-mingw32/bin/../lib/gcc/nios2-elf/4.1.2/../../../../nios2-elf/lib\libc.a(lib_a-lseekr.o)
 .bss           0x0001b2f4        0x0 c:/altera/13.0sp1/nios2eds/bin/gnu/h-i686-mingw32/bin/../lib/gcc/nios2-elf/4.1.2/../../../../nios2-elf/lib\libc.a(lib_a-readr.o)
 .bss           0x0001b2f4        0x0 c:/altera/13.0sp1/nios2eds/bin/gnu/h-i686-mingw32/bin/../lib/gcc/nios2-elf/4.1.2\libgcc.a(_udivdi3.o)
 .bss           0x0001b2f4        0x0 c:/altera/13.0sp1/nios2eds/bin/gnu/h-i686-mingw32/bin/../lib/gcc/nios2-elf/4.1.2\libgcc.a(_umoddi3.o)
 .bss           0x0001b2f4        0x0 c:/altera/13.0sp1/nios2eds/bin/gnu/h-i686-mingw32/bin/../lib/gcc/nios2-elf/4.1.2\libgcc.a(_addsub_df.o)
 .bss           0x0001b2f4        0x0 c:/altera/13.0sp1/nios2eds/bin/gnu/h-i686-mingw32/bin/../lib/gcc/nios2-elf/4.1.2\libgcc.a(_mul_df.o)
 .bss           0x0001b2f4        0x0 c:/altera/13.0sp1/nios2eds/bin/gnu/h-i686-mingw32/bin/../lib/gcc/nios2-elf/4.1.2\libgcc.a(_div_df.o)
 .bss           0x0001b2f4        0x0 c:/altera/13.0sp1/nios2eds/bin/gnu/h-i686-mingw32/bin/../lib/gcc/nios2-elf/4.1.2\libgcc.a(_eq_df.o)
 .bss           0x0001b2f4        0x0 c:/altera/13.0sp1/nios2eds/bin/gnu/h-i686-mingw32/bin/../lib/gcc/nios2-elf/4.1.2\libgcc.a(_ne_df.o)
 .bss           0x0001b2f4        0x0 c:/altera/13.0sp1/nios2eds/bin/gnu/h-i686-mingw32/bin/../lib/gcc/nios2-elf/4.1.2\libgcc.a(_gt_df.o)
 .bss           0x0001b2f4        0x0 c:/altera/13.0sp1/nios2eds/bin/gnu/h-i686-mingw32/bin/../lib/gcc/nios2-elf/4.1.2\libgcc.a(_ge_df.o)
 .bss           0x0001b2f4        0x0 c:/altera/13.0sp1/nios2eds/bin/gnu/h-i686-mingw32/bin/../lib/gcc/nios2-elf/4.1.2\libgcc.a(_lt_df.o)
 .bss           0x0001b2f4        0x0 c:/altera/13.0sp1/nios2eds/bin/gnu/h-i686-mingw32/bin/../lib/gcc/nios2-elf/4.1.2\libgcc.a(_si_to_df.o)
 .bss           0x0001b2f4        0x0 c:/altera/13.0sp1/nios2eds/bin/gnu/h-i686-mingw32/bin/../lib/gcc/nios2-elf/4.1.2\libgcc.a(_df_to_si.o)
 .bss           0x0001b2f4        0x0 c:/altera/13.0sp1/nios2eds/bin/gnu/h-i686-mingw32/bin/../lib/gcc/nios2-elf/4.1.2\libgcc.a(_thenan_df.o)
 .bss           0x0001b2f4        0x0 c:/altera/13.0sp1/nios2eds/bin/gnu/h-i686-mingw32/bin/../lib/gcc/nios2-elf/4.1.2\libgcc.a(_usi_to_df.o)
 .bss           0x0001b2f4        0x0 c:/altera/13.0sp1/nios2eds/bin/gnu/h-i686-mingw32/bin/../lib/gcc/nios2-elf/4.1.2\libgcc.a(lib2-divmod.o)
 .bss           0x0001b2f4        0x0 c:/altera/13.0sp1/nios2eds/bin/gnu/h-i686-mingw32/bin/../lib/gcc/nios2-elf/4.1.2\libgcc.a(_muldi3.o)
 .bss           0x0001b2f4        0x0 c:/altera/13.0sp1/nios2eds/bin/gnu/h-i686-mingw32/bin/../lib/gcc/nios2-elf/4.1.2\libgcc.a(_clz.o)
 .bss           0x0001b2f4        0x0 c:/altera/13.0sp1/nios2eds/bin/gnu/h-i686-mingw32/bin/../lib/gcc/nios2-elf/4.1.2\libgcc.a(_clzsi2.o)
 .bss           0x0001b2f4        0x0 c:/altera/13.0sp1/nios2eds/bin/gnu/h-i686-mingw32/bin/../lib/gcc/nios2-elf/4.1.2\libgcc.a(_pack_df.o)
 .bss           0x0001b2f4        0x0 c:/altera/13.0sp1/nios2eds/bin/gnu/h-i686-mingw32/bin/../lib/gcc/nios2-elf/4.1.2\libgcc.a(_unpack_df.o)
 .bss           0x0001b2f4        0x0 c:/altera/13.0sp1/nios2eds/bin/gnu/h-i686-mingw32/bin/../lib/gcc/nios2-elf/4.1.2\libgcc.a(_fpcmp_parts_df.o)
 .bss           0x0001b2f4        0x0 ../Ascensor_bsp/\libucosii_bsp.a(alt_close.o)
 .bss           0x0001b2f4        0x0 ../Ascensor_bsp/\libucosii_bsp.a(alt_dev.o)
 .bss           0x0001b2f4        0x0 ../Ascensor_bsp/\libucosii_bsp.a(alt_errno.o)
 .bss           0x0001b2f4        0x0 ../Ascensor_bsp/\libucosii_bsp.a(alt_fstat.o)
 .bss           0x0001b2f4        0x0 ../Ascensor_bsp/\libucosii_bsp.a(alt_irq_register.o)
 .bss           0x0001b2f4        0x0 ../Ascensor_bsp/\libucosii_bsp.a(alt_irq_vars.o)
 .bss           0x0001b2f4        0x0 ../Ascensor_bsp/\libucosii_bsp.a(alt_isatty.o)
 .bss           0x0001b2f4        0x0 ../Ascensor_bsp/\libucosii_bsp.a(alt_load.o)
 .bss           0x0001b2f4        0x0 ../Ascensor_bsp/\libucosii_bsp.a(alt_lseek.o)
 .bss           0x0001b2f4        0x0 ../Ascensor_bsp/\libucosii_bsp.a(alt_main.o)
 .bss           0x0001b2f4        0x0 ../Ascensor_bsp/\libucosii_bsp.a(alt_read.o)
 .bss           0x0001b2f4        0x0 ../Ascensor_bsp/\libucosii_bsp.a(alt_release_fd.o)
 .bss           0x0001b2f4        0x0 ../Ascensor_bsp/\libucosii_bsp.a(alt_sbrk.o)
 .bss           0x0001b2f4        0x0 ../Ascensor_bsp/\libucosii_bsp.a(alt_write.o)
 .bss           0x0001b2f4        0x0 ../Ascensor_bsp/\libucosii_bsp.a(alt_env_lock.o)
 .bss           0x0001b2f4        0x0 ../Ascensor_bsp/\libucosii_bsp.a(alt_malloc_lock.o)
 .bss           0x0001b2f4        0x0 ../Ascensor_bsp/\libucosii_bsp.a(os_core.o)
 .bss           0x0001b2f4        0x0 ../Ascensor_bsp/\libucosii_bsp.a(os_dbg.o)
 .bss           0x0001b2f4        0x0 ../Ascensor_bsp/\libucosii_bsp.a(os_flag.o)
 .bss           0x0001b2f4        0x0 ../Ascensor_bsp/\libucosii_bsp.a(os_mbox.o)
 .bss           0x0001b2f4        0x0 ../Ascensor_bsp/\libucosii_bsp.a(os_mem.o)
 .bss           0x0001b2f4        0x0 ../Ascensor_bsp/\libucosii_bsp.a(os_q.o)
 .bss           0x0001b2f4        0x0 ../Ascensor_bsp/\libucosii_bsp.a(os_sem.o)
 .bss           0x0001b2f4        0x0 ../Ascensor_bsp/\libucosii_bsp.a(os_task.o)
 .bss           0x0001b2f4        0x0 ../Ascensor_bsp/\libucosii_bsp.a(os_time.o)
 .bss           0x0001b2f4        0x0 ../Ascensor_bsp/\libucosii_bsp.a(alt_sys_init.o)
 .bss           0x0001b2f4        0x0 ../Ascensor_bsp/\libucosii_bsp.a(altera_avalon_jtag_uart_fd.o)
 .bss           0x0001b2f4        0x0 ../Ascensor_bsp/\libucosii_bsp.a(altera_avalon_jtag_uart_init.o)
 .bss           0x0001b2f4        0x0 ../Ascensor_bsp/\libucosii_bsp.a(altera_avalon_jtag_uart_ioctl.o)
 .bss           0x0001b2f4        0x0 ../Ascensor_bsp/\libucosii_bsp.a(altera_avalon_jtag_uart_read.o)
 .bss           0x0001b2f4        0x0 ../Ascensor_bsp/\libucosii_bsp.a(altera_avalon_jtag_uart_write.o)
 .bss           0x0001b2f4        0x0 ../Ascensor_bsp/\libucosii_bsp.a(altera_avalon_timer_sc.o)
 .bss           0x0001b2f4        0x0 ../Ascensor_bsp/\libucosii_bsp.a(altera_up_avalon_character_lcd.o)
 .bss           0x0001b2f4        0x0 ../Ascensor_bsp/\libucosii_bsp.a(alt_alarm_start.o)
 .bss           0x0001b2f4        0x0 ../Ascensor_bsp/\libucosii_bsp.a(alt_dcache_flush_all.o)
 .bss           0x0001b2f4        0x0 ../Ascensor_bsp/\libucosii_bsp.a(alt_dev_llist_insert.o)
 .bss           0x0001b2f4        0x0 ../Ascensor_bsp/\libucosii_bsp.a(alt_do_ctors.o)
 .bss           0x0001b2f4        0x0 ../Ascensor_bsp/\libucosii_bsp.a(alt_do_dtors.o)
 .bss           0x0001b2f4        0x0 ../Ascensor_bsp/\libucosii_bsp.a(alt_find_dev.o)
 .bss           0x0001b2f4        0x0 ../Ascensor_bsp/\libucosii_bsp.a(alt_icache_flush_all.o)
 .bss           0x0001b2f4        0x0 ../Ascensor_bsp/\libucosii_bsp.a(alt_io_redirect.o)
 .bss           0x0001b2f4        0x0 ../Ascensor_bsp/\libucosii_bsp.a(alt_irq_entry.o)
 .bss           0x0001b2f4        0x0 ../Ascensor_bsp/\libucosii_bsp.a(alt_irq_handler.o)
 .bss           0x0001b2f4        0x0 ../Ascensor_bsp/\libucosii_bsp.a(alt_open.o)
 .bss           0x0001b2f4        0x0 ../Ascensor_bsp/\libucosii_bsp.a(alt_tick.o)
 .bss           0x0001b2f4        0x0 ../Ascensor_bsp/\libucosii_bsp.a(altera_nios2_qsys_irq.o)
 .bss           0x0001b2f4        0x0 ../Ascensor_bsp/\libucosii_bsp.a(os_cpu_a.o)
 .bss           0x0001b2f4        0x0 ../Ascensor_bsp/\libucosii_bsp.a(os_cpu_c.o)
 .bss           0x0001b2f4        0x0 ../Ascensor_bsp/\libucosii_bsp.a(alt_exception_entry.o)
 .bss           0x0001b2f4        0x0 ../Ascensor_bsp/\libucosii_bsp.a(alt_find_file.o)
 .bss           0x0001b2f4        0x0 ../Ascensor_bsp/\libucosii_bsp.a(alt_get_fd.o)
 .bss           0x0001b2f4        0x0 ../Ascensor_bsp/\libucosii_bsp.a(alt_icache_flush.o)
 .bss           0x0001b2f4        0x0 c:/altera/13.0sp1/nios2eds/bin/gnu/h-i686-mingw32/bin/../lib/gcc/nios2-elf/4.1.2/../../../../nios2-elf/lib\libc.a(lib_a-atexit.o)
 .bss           0x0001b2f4        0x0 c:/altera/13.0sp1/nios2eds/bin/gnu/h-i686-mingw32/bin/../lib/gcc/nios2-elf/4.1.2/../../../../nios2-elf/lib\libc.a(lib_a-exit.o)
 .bss           0x0001b2f4        0x0 c:/altera/13.0sp1/nios2eds/bin/gnu/h-i686-mingw32/bin/../lib/gcc/nios2-elf/4.1.2/../../../../nios2-elf/lib\libc.a(lib_a-memcmp.o)
 .bss           0x0001b2f4        0x0 c:/altera/13.0sp1/nios2eds/bin/gnu/h-i686-mingw32/bin/../lib/gcc/nios2-elf/4.1.2/../../../../nios2-elf/lib\libc.a(lib_a-__atexit.o)
 .bss           0x0001b2f4        0x0 c:/altera/13.0sp1/nios2eds/bin/gnu/h-i686-mingw32/bin/../lib/gcc/nios2-elf/4.1.2/../../../../nios2-elf/lib\libc.a(lib_a-__call_atexit.o)
 .bss           0x0001b2f4        0x0 c:/altera/13.0sp1/nios2eds/bin/gnu/h-i686-mingw32/bin/../lib/gcc/nios2-elf/4.1.2\libgcc.a(_fixunsdfsi.o)
 .bss           0x0001b2f4        0x0 ../Ascensor_bsp/\libucosii_bsp.a(alt_exit.o)
 *(COMMON)
 COMMON         0x0001b2f4    0x14000 obj/default/hello_ucosii.o
                0x0001b2f4                control_stk
                0x0001f2f4                visualizacion_stk
                0x000232f4                teclado_stk
                0x000272f4                moduloseguridad_stk
                0x0002b2f4                cabina_stk
 COMMON         0x0002f2f4     0x3224 ../Ascensor_bsp/\libucosii_bsp.a(os_core.o)
                0x0002f2f4                OSFlagTbl
                0x0002f664                OSMemTbl
                0x00030294                OSTaskStatStk
                0x00030a94                OSQTbl
                0x00030c74                OSTaskIdleStk
                0x00031474                OSEventTbl
                0x00031fb4                OSTCBTbl
                0x000324c4                OSTCBPrioTbl
 COMMON         0x00032518      0x100 ../Ascensor_bsp/\libucosii_bsp.a(alt_irq_handler.o)
                0x00032518                alt_irq
 COMMON         0x00032618      0x190 c:/altera/13.0sp1/nios2eds/bin/gnu/h-i686-mingw32/bin/../lib/gcc/nios2-elf/4.1.2/../../../../nios2-elf/lib\libc.a(lib_a-atexit.o)
                0x00032618                _atexit0
                0x000327a8                . = ALIGN (0x4)
                0x000327a8                __bss_end = ABSOLUTE (.)

.sdram          0x000327a8        0x0
                0x000327a8                PROVIDE (_alt_partition_sdram_start, ABSOLUTE (.))
 *(.sdram. sdram.*)
                0x000327a8                . = ALIGN (0x4)
                0x000327a8                PROVIDE (_alt_partition_sdram_end, ABSOLUTE (.))
                0x000327a8                _end = ABSOLUTE (.)
                0x000327a8                end = ABSOLUTE (.)
                0x000327a8                __alt_stack_base = ABSOLUTE (.)
                0x000327a8                PROVIDE (_alt_partition_sdram_load_addr, LOADADDR (.sdram))

.onchip_memory  0x08200000        0x0 load address 0x000327a8
                0x08200000                PROVIDE (_alt_partition_onchip_memory_start, ABSOLUTE (.))
 *(.onchip_memory. onchip_memory.*)
                0x08200000                . = ALIGN (0x4)
                0x08200000                PROVIDE (_alt_partition_onchip_memory_end, ABSOLUTE (.))
                0x000327a8                PROVIDE (_alt_partition_onchip_memory_load_addr, LOADADDR (.onchip_memory))

.flash_controller
                0x08800000        0x0 load address 0x000327a8
                0x08800000                PROVIDE (_alt_partition_flash_controller_start, ABSOLUTE (.))
 *(.flash_controller. flash_controller.*)
                0x08800000                . = ALIGN (0x4)
                0x08800000                PROVIDE (_alt_partition_flash_controller_end, ABSOLUTE (.))
                0x000327a8                PROVIDE (_alt_partition_flash_controller_load_addr, LOADADDR (.flash_controller))

.stab
 *(.stab)

.stabstr
 *(.stabstr)

.stab.excl
 *(.stab.excl)

.stab.exclstr
 *(.stab.exclstr)

.stab.index
 *(.stab.index)

.stab.indexstr
 *(.stab.indexstr)

.comment        0x00000000       0x26
 *(.comment)
 .comment       0x00000000       0x26 obj/default/hello_ucosii.o
                                 0x27 (size before relaxing)
 .comment       0x00000000       0x27 c:/altera/13.0sp1/nios2eds/bin/gnu/h-i686-mingw32/bin/../lib/gcc/nios2-elf/4.1.2/../../../../nios2-elf/lib\libc.a(lib_a-printf.o)
 .comment       0x00000000       0x27 c:/altera/13.0sp1/nios2eds/bin/gnu/h-i686-mingw32/bin/../lib/gcc/nios2-elf/4.1.2/../../../../nios2-elf/lib\libc.a(lib_a-puts.o)
 .comment       0x00000000       0x27 c:/altera/13.0sp1/nios2eds/bin/gnu/h-i686-mingw32/bin/../lib/gcc/nios2-elf/4.1.2/../../../../nios2-elf/lib\libc.a(lib_a-sprintf.o)
 .comment       0x00000000       0x27 c:/altera/13.0sp1/nios2eds/bin/gnu/h-i686-mingw32/bin/../lib/gcc/nios2-elf/4.1.2/../../../../nios2-elf/lib\libc.a(lib_a-strlen.o)
 .comment       0x00000000       0x27 c:/altera/13.0sp1/nios2eds/bin/gnu/h-i686-mingw32/bin/../lib/gcc/nios2-elf/4.1.2/../../../../nios2-elf/lib\libc.a(lib_a-vfprintf.o)
 .comment       0x00000000       0x27 c:/altera/13.0sp1/nios2eds/bin/gnu/h-i686-mingw32/bin/../lib/gcc/nios2-elf/4.1.2/../../../../nios2-elf/lib\libc.a(lib_a-wsetup.o)
 .comment       0x00000000       0x27 c:/altera/13.0sp1/nios2eds/bin/gnu/h-i686-mingw32/bin/../lib/gcc/nios2-elf/4.1.2/../../../../nios2-elf/lib\libc.a(lib_a-dtoa.o)
 .comment       0x00000000       0x27 c:/altera/13.0sp1/nios2eds/bin/gnu/h-i686-mingw32/bin/../lib/gcc/nios2-elf/4.1.2/../../../../nios2-elf/lib\libc.a(lib_a-fflush.o)
 .comment       0x00000000       0x27 c:/altera/13.0sp1/nios2eds/bin/gnu/h-i686-mingw32/bin/../lib/gcc/nios2-elf/4.1.2/../../../../nios2-elf/lib\libc.a(lib_a-findfp.o)
 .comment       0x00000000       0x27 c:/altera/13.0sp1/nios2eds/bin/gnu/h-i686-mingw32/bin/../lib/gcc/nios2-elf/4.1.2/../../../../nios2-elf/lib\libc.a(lib_a-freer.o)
 .comment       0x00000000       0x27 c:/altera/13.0sp1/nios2eds/bin/gnu/h-i686-mingw32/bin/../lib/gcc/nios2-elf/4.1.2/../../../../nios2-elf/lib\libc.a(lib_a-fvwrite.o)
 .comment       0x00000000       0x27 c:/altera/13.0sp1/nios2eds/bin/gnu/h-i686-mingw32/bin/../lib/gcc/nios2-elf/4.1.2/../../../../nios2-elf/lib\libc.a(lib_a-fwalk.o)
 .comment       0x00000000       0x27 c:/altera/13.0sp1/nios2eds/bin/gnu/h-i686-mingw32/bin/../lib/gcc/nios2-elf/4.1.2/../../../../nios2-elf/lib\libc.a(lib_a-impure.o)
 .comment       0x00000000       0x27 c:/altera/13.0sp1/nios2eds/bin/gnu/h-i686-mingw32/bin/../lib/gcc/nios2-elf/4.1.2/../../../../nios2-elf/lib\libc.a(lib_a-locale.o)
 .comment       0x00000000       0x27 c:/altera/13.0sp1/nios2eds/bin/gnu/h-i686-mingw32/bin/../lib/gcc/nios2-elf/4.1.2/../../../../nios2-elf/lib\libc.a(lib_a-makebuf.o)
 .comment       0x00000000       0x27 c:/altera/13.0sp1/nios2eds/bin/gnu/h-i686-mingw32/bin/../lib/gcc/nios2-elf/4.1.2/../../../../nios2-elf/lib\libc.a(lib_a-mallocr.o)
 .comment       0x00000000       0x27 c:/altera/13.0sp1/nios2eds/bin/gnu/h-i686-mingw32/bin/../lib/gcc/nios2-elf/4.1.2/../../../../nios2-elf/lib\libc.a(lib_a-memchr.o)
 .comment       0x00000000       0x27 c:/altera/13.0sp1/nios2eds/bin/gnu/h-i686-mingw32/bin/../lib/gcc/nios2-elf/4.1.2/../../../../nios2-elf/lib\libc.a(lib_a-memcpy.o)
 .comment       0x00000000       0x27 c:/altera/13.0sp1/nios2eds/bin/gnu/h-i686-mingw32/bin/../lib/gcc/nios2-elf/4.1.2/../../../../nios2-elf/lib\libc.a(lib_a-memmove.o)
 .comment       0x00000000       0x27 c:/altera/13.0sp1/nios2eds/bin/gnu/h-i686-mingw32/bin/../lib/gcc/nios2-elf/4.1.2/../../../../nios2-elf/lib\libc.a(lib_a-memset.o)
 .comment       0x00000000       0x27 c:/altera/13.0sp1/nios2eds/bin/gnu/h-i686-mingw32/bin/../lib/gcc/nios2-elf/4.1.2/../../../../nios2-elf/lib\libc.a(lib_a-mprec.o)
 .comment       0x00000000       0x27 c:/altera/13.0sp1/nios2eds/bin/gnu/h-i686-mingw32/bin/../lib/gcc/nios2-elf/4.1.2/../../../../nios2-elf/lib\libc.a(lib_a-reallocr.o)
 .comment       0x00000000       0x27 c:/altera/13.0sp1/nios2eds/bin/gnu/h-i686-mingw32/bin/../lib/gcc/nios2-elf/4.1.2/../../../../nios2-elf/lib\libc.a(lib_a-s_isinfd.o)
 .comment       0x00000000       0x27 c:/altera/13.0sp1/nios2eds/bin/gnu/h-i686-mingw32/bin/../lib/gcc/nios2-elf/4.1.2/../../../../nios2-elf/lib\libc.a(lib_a-s_isnand.o)
 .comment       0x00000000       0x27 c:/altera/13.0sp1/nios2eds/bin/gnu/h-i686-mingw32/bin/../lib/gcc/nios2-elf/4.1.2/../../../../nios2-elf/lib\libc.a(lib_a-sbrkr.o)
 .comment       0x00000000       0x27 c:/altera/13.0sp1/nios2eds/bin/gnu/h-i686-mingw32/bin/../lib/gcc/nios2-elf/4.1.2/../../../../nios2-elf/lib\libc.a(lib_a-stdio.o)
 .comment       0x00000000       0x27 c:/altera/13.0sp1/nios2eds/bin/gnu/h-i686-mingw32/bin/../lib/gcc/nios2-elf/4.1.2/../../../../nios2-elf/lib\libc.a(lib_a-strcmp.o)
 .comment       0x00000000       0x27 c:/altera/13.0sp1/nios2eds/bin/gnu/h-i686-mingw32/bin/../lib/gcc/nios2-elf/4.1.2/../../../../nios2-elf/lib\libc.a(lib_a-writer.o)
 .comment       0x00000000       0x27 c:/altera/13.0sp1/nios2eds/bin/gnu/h-i686-mingw32/bin/../lib/gcc/nios2-elf/4.1.2/../../../../nios2-elf/lib\libc.a(lib_a-callocr.o)
 .comment       0x00000000       0x27 c:/altera/13.0sp1/nios2eds/bin/gnu/h-i686-mingw32/bin/../lib/gcc/nios2-elf/4.1.2/../../../../nios2-elf/lib\libc.a(lib_a-closer.o)
 .comment       0x00000000       0x27 c:/altera/13.0sp1/nios2eds/bin/gnu/h-i686-mingw32/bin/../lib/gcc/nios2-elf/4.1.2/../../../../nios2-elf/lib\libc.a(lib_a-fclose.o)
 .comment       0x00000000       0x27 c:/altera/13.0sp1/nios2eds/bin/gnu/h-i686-mingw32/bin/../lib/gcc/nios2-elf/4.1.2/../../../../nios2-elf/lib\libc.a(lib_a-fstatr.o)
 .comment       0x00000000       0x27 c:/altera/13.0sp1/nios2eds/bin/gnu/h-i686-mingw32/bin/../lib/gcc/nios2-elf/4.1.2/../../../../nios2-elf/lib\libc.a(lib_a-int_errno.o)
 .comment       0x00000000       0x27 c:/altera/13.0sp1/nios2eds/bin/gnu/h-i686-mingw32/bin/../lib/gcc/nios2-elf/4.1.2/../../../../nios2-elf/lib\libc.a(lib_a-isattyr.o)
 .comment       0x00000000       0x27 c:/altera/13.0sp1/nios2eds/bin/gnu/h-i686-mingw32/bin/../lib/gcc/nios2-elf/4.1.2/../../../../nios2-elf/lib\libc.a(lib_a-lseekr.o)
 .comment       0x00000000       0x27 c:/altera/13.0sp1/nios2eds/bin/gnu/h-i686-mingw32/bin/../lib/gcc/nios2-elf/4.1.2/../../../../nios2-elf/lib\libc.a(lib_a-readr.o)
 .comment       0x00000000       0x27 c:/altera/13.0sp1/nios2eds/bin/gnu/h-i686-mingw32/bin/../lib/gcc/nios2-elf/4.1.2\libgcc.a(_udivdi3.o)
 .comment       0x00000000       0x27 c:/altera/13.0sp1/nios2eds/bin/gnu/h-i686-mingw32/bin/../lib/gcc/nios2-elf/4.1.2\libgcc.a(_umoddi3.o)
 .comment       0x00000000       0x27 c:/altera/13.0sp1/nios2eds/bin/gnu/h-i686-mingw32/bin/../lib/gcc/nios2-elf/4.1.2\libgcc.a(_addsub_df.o)
 .comment       0x00000000       0x27 c:/altera/13.0sp1/nios2eds/bin/gnu/h-i686-mingw32/bin/../lib/gcc/nios2-elf/4.1.2\libgcc.a(_mul_df.o)
 .comment       0x00000000       0x27 c:/altera/13.0sp1/nios2eds/bin/gnu/h-i686-mingw32/bin/../lib/gcc/nios2-elf/4.1.2\libgcc.a(_div_df.o)
 .comment       0x00000000       0x27 c:/altera/13.0sp1/nios2eds/bin/gnu/h-i686-mingw32/bin/../lib/gcc/nios2-elf/4.1.2\libgcc.a(_eq_df.o)
 .comment       0x00000000       0x27 c:/altera/13.0sp1/nios2eds/bin/gnu/h-i686-mingw32/bin/../lib/gcc/nios2-elf/4.1.2\libgcc.a(_ne_df.o)
 .comment       0x00000000       0x27 c:/altera/13.0sp1/nios2eds/bin/gnu/h-i686-mingw32/bin/../lib/gcc/nios2-elf/4.1.2\libgcc.a(_gt_df.o)
 .comment       0x00000000       0x27 c:/altera/13.0sp1/nios2eds/bin/gnu/h-i686-mingw32/bin/../lib/gcc/nios2-elf/4.1.2\libgcc.a(_ge_df.o)
 .comment       0x00000000       0x27 c:/altera/13.0sp1/nios2eds/bin/gnu/h-i686-mingw32/bin/../lib/gcc/nios2-elf/4.1.2\libgcc.a(_lt_df.o)
 .comment       0x00000000       0x27 c:/altera/13.0sp1/nios2eds/bin/gnu/h-i686-mingw32/bin/../lib/gcc/nios2-elf/4.1.2\libgcc.a(_si_to_df.o)
 .comment       0x00000000       0x27 c:/altera/13.0sp1/nios2eds/bin/gnu/h-i686-mingw32/bin/../lib/gcc/nios2-elf/4.1.2\libgcc.a(_df_to_si.o)
 .comment       0x00000000       0x27 c:/altera/13.0sp1/nios2eds/bin/gnu/h-i686-mingw32/bin/../lib/gcc/nios2-elf/4.1.2\libgcc.a(_thenan_df.o)
 .comment       0x00000000       0x27 c:/altera/13.0sp1/nios2eds/bin/gnu/h-i686-mingw32/bin/../lib/gcc/nios2-elf/4.1.2\libgcc.a(_usi_to_df.o)
 .comment       0x00000000       0x27 c:/altera/13.0sp1/nios2eds/bin/gnu/h-i686-mingw32/bin/../lib/gcc/nios2-elf/4.1.2\libgcc.a(lib2-divmod.o)
 .comment       0x00000000       0x27 c:/altera/13.0sp1/nios2eds/bin/gnu/h-i686-mingw32/bin/../lib/gcc/nios2-elf/4.1.2\libgcc.a(_muldi3.o)
 .comment       0x00000000       0x27 c:/altera/13.0sp1/nios2eds/bin/gnu/h-i686-mingw32/bin/../lib/gcc/nios2-elf/4.1.2\libgcc.a(_clz.o)
 .comment       0x00000000       0x27 c:/altera/13.0sp1/nios2eds/bin/gnu/h-i686-mingw32/bin/../lib/gcc/nios2-elf/4.1.2\libgcc.a(_clzsi2.o)
 .comment       0x00000000       0x27 c:/altera/13.0sp1/nios2eds/bin/gnu/h-i686-mingw32/bin/../lib/gcc/nios2-elf/4.1.2\libgcc.a(_pack_df.o)
 .comment       0x00000000       0x27 c:/altera/13.0sp1/nios2eds/bin/gnu/h-i686-mingw32/bin/../lib/gcc/nios2-elf/4.1.2\libgcc.a(_unpack_df.o)
 .comment       0x00000000       0x27 c:/altera/13.0sp1/nios2eds/bin/gnu/h-i686-mingw32/bin/../lib/gcc/nios2-elf/4.1.2\libgcc.a(_fpcmp_parts_df.o)
 .comment       0x00000000       0x27 ../Ascensor_bsp/\libucosii_bsp.a(alt_close.o)
 .comment       0x00000000       0x27 ../Ascensor_bsp/\libucosii_bsp.a(alt_dev.o)
 .comment       0x00000000       0x27 ../Ascensor_bsp/\libucosii_bsp.a(alt_errno.o)
 .comment       0x00000000       0x27 ../Ascensor_bsp/\libucosii_bsp.a(alt_fstat.o)
 .comment       0x00000000       0x27 ../Ascensor_bsp/\libucosii_bsp.a(alt_irq_register.o)
 .comment       0x00000000       0x27 ../Ascensor_bsp/\libucosii_bsp.a(alt_irq_vars.o)