Flow report for DE2_115_Media_Computer
Tue Jun 23 10:23:12 2015
Quartus II 64-Bit Version 13.0.1 Build 232 06/12/2013 Service Pack 1 SJ Full Version


---------------------
; Table of Contents ;
---------------------
  1. Legal Notice
  2. Flow Summary
  3. Flow Settings
  4. Flow Non-Default Global Settings
  5. Flow Elapsed Time
  6. Flow OS Summary
  7. Flow Log
  8. Flow Messages
  9. Flow Suppressed Messages



----------------
; Legal Notice ;
----------------
Copyright (C) 1991-2013 Altera Corporation
Your use of Altera Corporation's design tools, logic functions 
and other software and tools, and its AMPP partner logic 
functions, and any output files from any of the foregoing 
(including device programming or simulation files), and any 
associated documentation or information are expressly subject 
to the terms and conditions of the Altera Program License 
Subscription Agreement, Altera MegaCore Function License 
Agreement, or other applicable license agreement, including, 
without limitation, that your use is for the sole purpose of 
programming logic devices manufactured by Altera and sold by 
Altera or its authorized distributors.  Please refer to the 
applicable agreement for further details.



+---------------------------------------------------------------------------------------+
; Flow Summary                                                                          ;
+------------------------------------+--------------------------------------------------+
; Flow Status                        ; Successful - Tue Jun 23 10:23:05 2015            ;
; Quartus II 64-Bit Version          ; 13.0.1 Build 232 06/12/2013 SP 1 SJ Full Version ;
; Revision Name                      ; DE2_115_Media_Computer                           ;
; Top-level Entity Name              ; DE2_115_Media_Computer                           ;
; Family                             ; Cyclone IV E                                     ;
; Device                             ; EP4CE115F29C7                                    ;
; Timing Models                      ; Final                                            ;
; Total logic elements               ; 5,442 / 114,480 ( 5 % )                          ;
;     Total combinational functions  ; 4,868 / 114,480 ( 4 % )                          ;
;     Dedicated logic registers      ; 3,501 / 114,480 ( 3 % )                          ;
; Total registers                    ; 3620                                             ;
; Total pins                         ; 339 / 529 ( 64 % )                               ;
; Total virtual pins                 ; 0                                                ;
; Total memory bits                  ; 309,248 / 3,981,312 ( 8 % )                      ;
; Embedded Multiplier 9-bit elements ; 4 / 532 ( < 1 % )                                ;
; Total PLLs                         ; 1 / 4 ( 25 % )                                   ;
+------------------------------------+--------------------------------------------------+


+--------------------------------------------+
; Flow Settings                              ;
+-------------------+------------------------+
; Option            ; Setting                ;
+-------------------+------------------------+
; Start date & time ; 06/23/2015 10:21:49    ;
; Main task         ; Compilation            ;
; Revision Name     ; DE2_115_Media_Computer ;
+-------------------+------------------------+


+--------------------------------------------------------------------------------------------------------------------------------------------------------------------+
; Flow Non-Default Global Settings                                                                                                                                   ;
+-------------------------------------+---------------------------------------------------------+---------------+---------------------------------------+------------+
; Assignment Name                     ; Value                                                   ; Default Value ; Entity Name                           ; Section Id ;
+-------------------------------------+---------------------------------------------------------+---------------+---------------------------------------+------------+
; COMPILER_SIGNATURE_ID               ; 57277343213219.143504770903700                          ; --            ; --                                    ; --         ;
; IP_TOOL_ENV                         ; Qsys                                                    ; --            ; altera_avalon_sc_fifo                 ; --         ;
; IP_TOOL_ENV                         ; Qsys                                                    ; --            ; altera_merlin_burst_adapter           ; --         ;
; IP_TOOL_ENV                         ; Qsys                                                    ; --            ; altera_merlin_master_agent            ; --         ;
; IP_TOOL_ENV                         ; Qsys                                                    ; --            ; altera_merlin_master_translator       ; --         ;
; IP_TOOL_ENV                         ; Qsys                                                    ; --            ; altera_merlin_slave_agent             ; --         ;
; IP_TOOL_ENV                         ; Qsys                                                    ; --            ; altera_merlin_slave_translator        ; --         ;
; IP_TOOL_ENV                         ; Qsys                                                    ; --            ; altera_merlin_traffic_limiter         ; --         ;
; IP_TOOL_ENV                         ; Qsys                                                    ; --            ; altera_merlin_width_adapter           ; --         ;
; IP_TOOL_ENV                         ; Qsys                                                    ; --            ; altera_reset_controller               ; --         ;
; IP_TOOL_ENV                         ; Qsys                                                    ; --            ; altera_tristate_controller_aggregator ; --         ;
; IP_TOOL_ENV                         ; Qsys                                                    ; --            ; altera_tristate_controller_translator ; --         ;
; IP_TOOL_ENV                         ; Qsys                                                    ; --            ; ejer2                                 ; --         ;
; IP_TOOL_ENV                         ; Qsys                                                    ; --            ; ejer2_addr_router                     ; --         ;
; IP_TOOL_ENV                         ; Qsys                                                    ; --            ; ejer2_addr_router_001                 ; --         ;
; IP_TOOL_ENV                         ; Qsys                                                    ; --            ; ejer2_cmd_xbar_demux                  ; --         ;
; IP_TOOL_ENV                         ; Qsys                                                    ; --            ; ejer2_cmd_xbar_demux_001              ; --         ;
; IP_TOOL_ENV                         ; Qsys                                                    ; --            ; ejer2_cmd_xbar_mux                    ; --         ;
; IP_TOOL_ENV                         ; Qsys                                                    ; --            ; ejer2_cpu                             ; --         ;
; IP_TOOL_ENV                         ; Qsys                                                    ; --            ; ejer2_flash_bridge                    ; --         ;
; IP_TOOL_ENV                         ; Qsys                                                    ; --            ; ejer2_flash_controller                ; --         ;
; IP_TOOL_ENV                         ; Qsys                                                    ; --            ; ejer2_id_router                       ; --         ;
; IP_TOOL_ENV                         ; Qsys                                                    ; --            ; ejer2_id_router_003                   ; --         ;
; IP_TOOL_ENV                         ; Qsys                                                    ; --            ; ejer2_id_router_004                   ; --         ;
; IP_TOOL_ENV                         ; Qsys                                                    ; --            ; ejer2_id_router_014                   ; --         ;
; IP_TOOL_ENV                         ; Qsys                                                    ; --            ; ejer2_irq_mapper                      ; --         ;
; IP_TOOL_ENV                         ; Qsys                                                    ; --            ; ejer2_jtag_uart                       ; --         ;
; IP_TOOL_ENV                         ; Qsys                                                    ; --            ; ejer2_onchip_memory                   ; --         ;
; IP_TOOL_ENV                         ; Qsys                                                    ; --            ; ejer2_performance_counter             ; --         ;
; IP_TOOL_ENV                         ; Qsys                                                    ; --            ; ejer2_rsp_xbar_demux                  ; --         ;
; IP_TOOL_ENV                         ; Qsys                                                    ; --            ; ejer2_rsp_xbar_demux_004              ; --         ;
; IP_TOOL_ENV                         ; Qsys                                                    ; --            ; ejer2_rsp_xbar_mux                    ; --         ;
; IP_TOOL_ENV                         ; Qsys                                                    ; --            ; ejer2_rsp_xbar_mux_001                ; --         ;
; IP_TOOL_ENV                         ; Qsys                                                    ; --            ; ejer2_sdram                           ; --         ;
; IP_TOOL_ENV                         ; Qsys                                                    ; --            ; ejer2_sysid                           ; --         ;
; IP_TOOL_ENV                         ; Qsys                                                    ; --            ; ejer2_timer                           ; --         ;
; IP_TOOL_NAME                        ; altera_avalon_sc_fifo                                   ; --            ; altera_avalon_sc_fifo                 ; --         ;
; IP_TOOL_NAME                        ; altera_merlin_burst_adapter                             ; --            ; altera_merlin_burst_adapter           ; --         ;
; IP_TOOL_NAME                        ; altera_merlin_master_agent                              ; --            ; altera_merlin_master_agent            ; --         ;
; IP_TOOL_NAME                        ; altera_merlin_master_translator                         ; --            ; altera_merlin_master_translator       ; --         ;
; IP_TOOL_NAME                        ; altera_merlin_slave_agent                               ; --            ; altera_merlin_slave_agent             ; --         ;
; IP_TOOL_NAME                        ; altera_merlin_slave_translator                          ; --            ; altera_merlin_slave_translator        ; --         ;
; IP_TOOL_NAME                        ; altera_merlin_traffic_limiter                           ; --            ; altera_merlin_traffic_limiter         ; --         ;
; IP_TOOL_NAME                        ; altera_merlin_width_adapter                             ; --            ; altera_merlin_width_adapter           ; --         ;
; IP_TOOL_NAME                        ; altera_reset_controller                                 ; --            ; altera_reset_controller               ; --         ;
; IP_TOOL_NAME                        ; altera_tristate_controller_aggregator                   ; --            ; altera_tristate_controller_aggregator ; --         ;
; IP_TOOL_NAME                        ; altera_tristate_controller_translator                   ; --            ; altera_tristate_controller_translator ; --         ;
; IP_TOOL_NAME                        ; Qsys                                                    ; --            ; ejer2                                 ; --         ;
; IP_TOOL_NAME                        ; altera_merlin_router                                    ; --            ; ejer2_addr_router                     ; --         ;
; IP_TOOL_NAME                        ; altera_merlin_router                                    ; --            ; ejer2_addr_router_001                 ; --         ;
; IP_TOOL_NAME                        ; altera_merlin_demultiplexer                             ; --            ; ejer2_cmd_xbar_demux                  ; --         ;
; IP_TOOL_NAME                        ; altera_merlin_demultiplexer                             ; --            ; ejer2_cmd_xbar_demux_001              ; --         ;
; IP_TOOL_NAME                        ; altera_merlin_multiplexer                               ; --            ; ejer2_cmd_xbar_mux                    ; --         ;
; IP_TOOL_NAME                        ; altera_nios2_qsys                                       ; --            ; ejer2_cpu                             ; --         ;
; IP_TOOL_NAME                        ; altera_tristate_conduit_bridge                          ; --            ; ejer2_flash_bridge                    ; --         ;
; IP_TOOL_NAME                        ; altera_generic_tristate_controller                      ; --            ; ejer2_flash_controller                ; --         ;
; IP_TOOL_NAME                        ; altera_merlin_router                                    ; --            ; ejer2_id_router                       ; --         ;
; IP_TOOL_NAME                        ; altera_merlin_router                                    ; --            ; ejer2_id_router_003                   ; --         ;
; IP_TOOL_NAME                        ; altera_merlin_router                                    ; --            ; ejer2_id_router_004                   ; --         ;
; IP_TOOL_NAME                        ; altera_merlin_router                                    ; --            ; ejer2_id_router_014                   ; --         ;
; IP_TOOL_NAME                        ; altera_irq_mapper                                       ; --            ; ejer2_irq_mapper                      ; --         ;
; IP_TOOL_NAME                        ; altera_avalon_jtag_uart                                 ; --            ; ejer2_jtag_uart                       ; --         ;
; IP_TOOL_NAME                        ; altera_avalon_onchip_memory2                            ; --            ; ejer2_onchip_memory                   ; --         ;
; IP_TOOL_NAME                        ; altera_avalon_performance_counter                       ; --            ; ejer2_performance_counter             ; --         ;
; IP_TOOL_NAME                        ; altera_merlin_demultiplexer                             ; --            ; ejer2_rsp_xbar_demux                  ; --         ;
; IP_TOOL_NAME                        ; altera_merlin_demultiplexer                             ; --            ; ejer2_rsp_xbar_demux_004              ; --         ;
; IP_TOOL_NAME                        ; altera_merlin_multiplexer                               ; --            ; ejer2_rsp_xbar_mux                    ; --         ;
; IP_TOOL_NAME                        ; altera_merlin_multiplexer                               ; --            ; ejer2_rsp_xbar_mux_001                ; --         ;
; IP_TOOL_NAME                        ; altera_avalon_new_sdram_controller                      ; --            ; ejer2_sdram                           ; --         ;
; IP_TOOL_NAME                        ; altera_avalon_sysid_qsys                                ; --            ; ejer2_sysid                           ; --         ;
; IP_TOOL_NAME                        ; altera_avalon_timer                                     ; --            ; ejer2_timer                           ; --         ;
; IP_TOOL_VERSION                     ; 13.0                                                    ; --            ; altera_avalon_sc_fifo                 ; --         ;
; IP_TOOL_VERSION                     ; 13.0                                                    ; --            ; altera_merlin_burst_adapter           ; --         ;
; IP_TOOL_VERSION                     ; 13.0                                                    ; --            ; altera_merlin_master_agent            ; --         ;
; IP_TOOL_VERSION                     ; 13.0                                                    ; --            ; altera_merlin_master_translator       ; --         ;
; IP_TOOL_VERSION                     ; 13.0                                                    ; --            ; altera_merlin_slave_agent             ; --         ;
; IP_TOOL_VERSION                     ; 13.0                                                    ; --            ; altera_merlin_slave_translator        ; --         ;
; IP_TOOL_VERSION                     ; 13.0                                                    ; --            ; altera_merlin_traffic_limiter         ; --         ;
; IP_TOOL_VERSION                     ; 13.0                                                    ; --            ; altera_merlin_width_adapter           ; --         ;
; IP_TOOL_VERSION                     ; 13.0                                                    ; --            ; altera_reset_controller               ; --         ;
; IP_TOOL_VERSION                     ; 13.0                                                    ; --            ; altera_tristate_controller_aggregator ; --         ;
; IP_TOOL_VERSION                     ; 13.0                                                    ; --            ; altera_tristate_controller_translator ; --         ;
; IP_TOOL_VERSION                     ; 13.0sp1                                                 ; --            ; ejer2                                 ; --         ;
; IP_TOOL_VERSION                     ; 13.0                                                    ; --            ; ejer2_addr_router                     ; --         ;
; IP_TOOL_VERSION                     ; 13.0                                                    ; --            ; ejer2_addr_router_001                 ; --         ;
; IP_TOOL_VERSION                     ; 13.0                                                    ; --            ; ejer2_cmd_xbar_demux                  ; --         ;
; IP_TOOL_VERSION                     ; 13.0                                                    ; --            ; ejer2_cmd_xbar_demux_001              ; --         ;
; IP_TOOL_VERSION                     ; 13.0                                                    ; --            ; ejer2_cmd_xbar_mux                    ; --         ;
; IP_TOOL_VERSION                     ; 13.0                                                    ; --            ; ejer2_cpu                             ; --         ;
; IP_TOOL_VERSION                     ; 13.0                                                    ; --            ; ejer2_flash_bridge                    ; --         ;
; IP_TOOL_VERSION                     ; 13.0                                                    ; --            ; ejer2_flash_controller                ; --         ;
; IP_TOOL_VERSION                     ; 13.0                                                    ; --            ; ejer2_id_router                       ; --         ;
; IP_TOOL_VERSION                     ; 13.0                                                    ; --            ; ejer2_id_router_003                   ; --         ;
; IP_TOOL_VERSION                     ; 13.0                                                    ; --            ; ejer2_id_router_004                   ; --         ;
; IP_TOOL_VERSION                     ; 13.0                                                    ; --            ; ejer2_id_router_014                   ; --         ;
; IP_TOOL_VERSION                     ; 13.0                                                    ; --            ; ejer2_irq_mapper                      ; --         ;
; IP_TOOL_VERSION                     ; 13.0.1.99.2                                             ; --            ; ejer2_jtag_uart                       ; --         ;
; IP_TOOL_VERSION                     ; 13.0.1.99.2                                             ; --            ; ejer2_onchip_memory                   ; --         ;
; IP_TOOL_VERSION                     ; 13.0.1.99.2                                             ; --            ; ejer2_performance_counter             ; --         ;
; IP_TOOL_VERSION                     ; 13.0                                                    ; --            ; ejer2_rsp_xbar_demux                  ; --         ;
; IP_TOOL_VERSION                     ; 13.0                                                    ; --            ; ejer2_rsp_xbar_demux_004              ; --         ;
; IP_TOOL_VERSION                     ; 13.0                                                    ; --            ; ejer2_rsp_xbar_mux                    ; --         ;
; IP_TOOL_VERSION                     ; 13.0                                                    ; --            ; ejer2_rsp_xbar_mux_001                ; --         ;
; IP_TOOL_VERSION                     ; 13.0.1.99.2                                             ; --            ; ejer2_sdram                           ; --         ;
; IP_TOOL_VERSION                     ; 13.0                                                    ; --            ; ejer2_sysid                           ; --         ;
; IP_TOOL_VERSION                     ; 13.0.1.99.2                                             ; --            ; ejer2_timer                           ; --         ;
; MAX_CORE_JUNCTION_TEMP              ; 85                                                      ; --            ; --                                    ; --         ;
; MIN_CORE_JUNCTION_TEMP              ; 0                                                       ; --            ; --                                    ; --         ;
; MISC_FILE                           ; ejer2/synthesis/../../ejer2.cmp                         ; --            ; --                                    ; --         ;
; MISC_FILE                           ; ejer2/synthesis/../../ejer2.qsys                        ; --            ; --                                    ; --         ;
; NOMINAL_CORE_SUPPLY_VOLTAGE         ; 1.2V                                                    ; --            ; --                                    ; --         ;
; PARTITION_COLOR                     ; 16764057                                                ; --            ; --                                    ; Top        ;
; PARTITION_FITTER_PRESERVATION_LEVEL ; PLACEMENT_AND_ROUTING                                   ; --            ; --                                    ; Top        ;
; PARTITION_NETLIST_TYPE              ; SOURCE                                                  ; --            ; --                                    ; Top        ;
; POWER_BOARD_THERMAL_MODEL           ; None (CONSERVATIVE)                                     ; --            ; --                                    ; --         ;
; POWER_PRESET_COOLING_SOLUTION       ; 23 MM HEAT SINK WITH 200 LFPM AIRFLOW                   ; --            ; --                                    ; --         ;
; PROJECT_OUTPUT_DIRECTORY            ; output_files                                            ; --            ; --                                    ; --         ;
; SLD_INFO                            ; QSYS_NAME ejer2 HAS_SOPCINFO 1 GENERATION_ID 1434116220 ; --            ; ejer2                                 ; --         ;
; SOPCINFO_FILE                       ; ejer2/synthesis/../../ejer2.sopcinfo                    ; --            ; --                                    ; --         ;
; SYNTHESIS_ONLY_QIP                  ; On                                                      ; --            ; --                                    ; --         ;
+-------------------------------------+---------------------------------------------------------+---------------+---------------------------------------+------------+


+-------------------------------------------------------------------------------------------------------------------------------+
; Flow Elapsed Time                                                                                                             ;
+---------------------------+--------------+-------------------------+---------------------+------------------------------------+
; Module Name               ; Elapsed Time ; Average Processors Used ; Peak Virtual Memory ; Total CPU Time (on all processors) ;
+---------------------------+--------------+-------------------------+---------------------+------------------------------------+
; Analysis & Synthesis      ; 00:00:29     ; 1.0                     ; 695 MB              ; 00:00:24                           ;
; Fitter                    ; 00:00:33     ; 1.4                     ; 1374 MB             ; 00:00:38                           ;
; Assembler                 ; 00:00:07     ; 1.0                     ; 465 MB              ; 00:00:05                           ;
; TimeQuest Timing Analyzer ; 00:00:06     ; 1.0                     ; 628 MB              ; 00:00:06                           ;
; Total                     ; 00:01:15     ; --                      ; --                  ; 00:01:13                           ;
+---------------------------+--------------+-------------------------+---------------------+------------------------------------+


+----------------------------------------------------------------------------------------+
; Flow OS Summary                                                                        ;
+---------------------------+------------------+-----------+------------+----------------+
; Module Name               ; Machine Hostname ; OS Name   ; OS Version ; Processor type ;
+---------------------------+------------------+-----------+------------+----------------+
; Analysis & Synthesis      ; MICROE02         ; Windows 7 ; 6.1        ; x86_64         ;
; Fitter                    ; MICROE02         ; Windows 7 ; 6.1        ; x86_64         ;
; Assembler                 ; MICROE02         ; Windows 7 ; 6.1        ; x86_64         ;
; TimeQuest Timing Analyzer ; MICROE02         ; Windows 7 ; 6.1        ; x86_64         ;
+---------------------------+------------------+-----------+------------+----------------+


------------
; Flow Log ;
------------
quartus_map --read_settings_files=on --write_settings_files=off DE2_115_Media_Computer -c DE2_115_Media_Computer
quartus_fit --read_settings_files=off --write_settings_files=off DE2_115_Media_Computer -c DE2_115_Media_Computer
quartus_asm --read_settings_files=off --write_settings_files=off DE2_115_Media_Computer -c DE2_115_Media_Computer
quartus_sta DE2_115_Media_Computer -c DE2_115_Media_Computer



